Microchip MPLAB XC8 Compiler V1.33 ()

Linker command line:

--edf=C:\Program Files (x86)\Microchip\xc8\v1.33\dat\en_msgs.txt -cs \
  -h+dist/default/debug\ADC-FFT-PIC18.X.debug.sym \
  --cmf=dist/default/debug\ADC-FFT-PIC18.X.debug.cmf -z -Q18F25K22 \
  -oC:\Users\osaka\AppData\Local\Temp\s5do.6 \
  -Mdist/default/debug/ADC-FFT-PIC18.X.debug.map -E1 -ver=XC8 \
  -ASTACK=046Ah-05ffh -pstack=STACK -ACODE=00h-07FFFh -ACONST=00h-07FFFh \
  -ASMALLCONST=0600h-06FFhx122 -AMEDIUMCONST=0600h-07FFFh -ACOMRAM=01h-05Fh \
  -AABS1=00h-05FFh -ABIGRAM=01h-05FFh -ARAM=060h-0FFh,0100h-01FFhx5 \
  -ABANK0=060h-0FFh -ABANK1=0100h-01FFh -ABANK2=0200h-02FFh \
  -ABANK3=0300h-03FFh -ABANK4=0400h-04FFh -ABANK5=0500h-05FFh \
  -ASFR=0F38h-0F5Fh,0F60h-0FFCh \
  -preset_vec=00h,intcode,intcodelo,powerup,init,end_init -pramtop=0600h \
  -psmallconst=SMALLCONST -pmediumconst=MEDIUMCONST -pconst=CONST \
  -AFARRAM=00h-00h -ACONFIG=0300000h-030000Dh -pconfig=CONFIG \
  -AIDLOC=0200000h-0200007h -pidloc=IDLOC -AEEDATA=0F00000h-0F000FFh \
  -peeprom_data=EEDATA \
  -prdata=COMRAM,nvrram=COMRAM,nvbit=COMRAM,rbss=COMRAM,rbit=COMRAM \
  -pfarbss=FARRAM,fardata=FARRAM,nvFARRAM=FARRAM \
  -pintsave_regs=BIGRAM,bigbss=BIGRAM,bigdata=BIGRAM -pbss=RAM \
  -pidata=CODE,irdata=CODE,ibigdata=CODE,ifardata=CODE \
  C:\Users\osaka\AppData\Local\Temp\s5do.obj \
  dist/default/debug\ADC-FFT-PIC18.X.debug.obj 

Object code version is 3.11

Machine type is 18F25K22

Call graph: (short form)




                Name                               Link     Load   Length Selector   Space Scale
C:\Users\osaka\AppData\Local\Temp\s5do.obj
                end_init                              2        2        4        0       0
                reset_vec                             0        0        2        0       0
                idloc                            200000   200000        8   200000       0
                config                           300000   300000        E   300000       0
dist/default/debug\ADC-FFT-PIC18.X.debug.obj
                mediumconst                        76BE     76BE      942     3B5F       0
                text27                             5770     5770        C     2BB8       0
                text26                             576C     576C        4     2BB6       0
                text25                             5A4A     5A4A       56     2D25       0
                text24                             609C     609C      78C     304E       0
                text23                             579A     579A       12     2BCD       0
                text22                             577C     577C        E     2BBE       0
                text21                             585E     585E       34     2C2F       0
                text20                             57AC     57AC       1A     2BD6       0
                text19                             576A     576A        2     2BB5       0
                text18                             5830     5830       2E     2C18       0
                text17                             578A     578A       10     2BC5       0
                text16                             57C6     57C6       1E     2BE3       0
                text15                             57E4     57E4       26     2BF2       0
                text14                             580A     580A       26     2C05       0
                text13                             5B4E     5B4E       8A     2DA7       0
                text12                             5D0C     5D0C       BA     2E86       0
                text11                             5AF6     5AF6       58     2D7B       0
                text10                             5956     5956       4E     2CAB       0
                text9                              5AA0     5AA0       56     2D50       0
                text8                              5BD8     5BD8       90     2DEC       0
                text7                              58CA     58CA       42     2C65       0
                text6                              5DC6     5DC6      15C     2EE3       0
                text5                              5892     5892       38     2C49       0
                text4                              5C68     5C68       A4     2E34       0
                text3                              59A4     59A4       52     2CD2       0
                text2                              5F22     5F22      17A     2F91       0
                text1                              59F6     59F6       54     2CFB       0
                text0                              6828     6828      E96     3414       0
                cstackCOMRAM                          1        1       59        1       1
                cstackBANK0                          C5       C5        E       60       1
                bssBIGRAM                           200      200      26A      200       1
                bssBANK1                            100      100      100      100       1
                bssBANK0                             60       60       65       60       1
                bssCOMRAM                            5A       5A        6        1       1
                cinit                              590C     590C       4A     2C86       0

TOTAL           Name                               Link     Load   Length     Space
        CLASS   STACK          

        CLASS   CODE           
                end_init                              2        2        4         0
                reset_vec                             0        0        2         0
                text27                             5770     5770        C         0
                text26                             576C     576C        4         0
                text25                             5A4A     5A4A       56         0
                text24                             609C     609C      78C         0
                text23                             579A     579A       12         0
                text22                             577C     577C        E         0
                text21                             585E     585E       34         0
                text20                             57AC     57AC       1A         0
                text19                             576A     576A        2         0
                text18                             5830     5830       2E         0
                text17                             578A     578A       10         0
                text16                             57C6     57C6       1E         0
                text15                             57E4     57E4       26         0
                text14                             580A     580A       26         0
                text13                             5B4E     5B4E       8A         0
                text12                             5D0C     5D0C       BA         0
                text11                             5AF6     5AF6       58         0
                text10                             5956     5956       4E         0
                text9                              5AA0     5AA0       56         0
                text8                              5BD8     5BD8       90         0
                text7                              58CA     58CA       42         0
                text6                              5DC6     5DC6      15C         0
                text5                              5892     5892       38         0
                text4                              5C68     5C68       A4         0
                text3                              59A4     59A4       52         0
                text2                              5F22     5F22      17A         0
                text1                              59F6     59F6       54         0
                text0                              6828     6828      E96         0
                cinit                              590C     590C       4A         0

        CLASS   CONST          

        CLASS   SMALLCONST     

        CLASS   MEDIUMCONST    
                mediumconst                        76BE     76BE      942         0

        CLASS   COMRAM         
                cstackCOMRAM                          1        1       59         1
                bssCOMRAM                            5A       5A        6         1

        CLASS   ABS1           

        CLASS   BIGRAM         
                bssBIGRAM                           200      200      26A         1

        CLASS   RAM            

        CLASS   BANK0          
                cstackBANK0                          C5       C5        E         1
                bssBANK0                             60       60       65         1

        CLASS   BANK1          
                bssBANK1                            100      100      100         1

        CLASS   BANK2          

        CLASS   BANK3          

        CLASS   BANK4          

        CLASS   BANK5          

        CLASS   SFR            

        CLASS   FARRAM         

        CLASS   CONFIG         
                config                           300000   300000        E         0

        CLASS   IDLOC          
                idloc                            200000   200000        8         0

        CLASS   EEDATA         



SEGMENTS        Name                           Load    Length   Top    Selector   Space  Class

                reset_vec                      000000  000006  000006         0       0  CODE    
                cstackCOMRAM                   000001  00005F  000060         1       1  COMRAM  
                bssBANK0                       000060  000073  0000D3        60       1  BANK0   
                bssBANK1                       000100  000100  000200       100       1  BANK1   
                bssBIGRAM                      000200  00026A  00046A       200       1  BIGRAM  
                text19                         00576A  000002  00576C      2BB5       0  CODE    
                text26                         00576C  000004  005770      2BB6       0  CODE    
                text27                         005770  00000C  00577C      2BB8       0  CODE    
                text22                         00577C  00000E  00578A      2BBE       0  CODE    
                text17                         00578A  000010  00579A      2BC5       0  CODE    
                text23                         00579A  000012  0057AC      2BCD       0  CODE    
                text20                         0057AC  00001A  0057C6      2BD6       0  CODE    
                text16                         0057C6  00001E  0057E4      2BE3       0  CODE    
                text15                         0057E4  000026  00580A      2BF2       0  CODE    
                text14                         00580A  000026  005830      2C05       0  CODE    
                text18                         005830  00002E  00585E      2C18       0  CODE    
                text21                         00585E  000034  005892      2C2F       0  CODE    
                text5                          005892  000038  0058CA      2C49       0  CODE    
                text7                          0058CA  000042  00590C      2C65       0  CODE    
                cinit                          00590C  00004A  005956      2C86       0  CODE    
                text10                         005956  00004E  0059A4      2CAB       0  CODE    
                text3                          0059A4  000052  0059F6      2CD2       0  CODE    
                text1                          0059F6  000054  005A4A      2CFB       0  CODE    
                text25                         005A4A  000056  005AA0      2D25       0  CODE    
                text9                          005AA0  000056  005AF6      2D50       0  CODE    
                text11                         005AF6  000058  005B4E      2D7B       0  CODE    
                text13                         005B4E  00008A  005BD8      2DA7       0  CODE    
                text8                          005BD8  000090  005C68      2DEC       0  CODE    
                text4                          005C68  0000A4  005D0C      2E34       0  CODE    
                text12                         005D0C  0000BA  005DC6      2E86       0  CODE    
                text6                          005DC6  00015C  005F22      2EE3       0  CODE    
                text2                          005F22  00017A  00609C      2F91       0  CODE    
                text24                         00609C  00078C  006828      304E       0  CODE    
                text0                          006828  000E96  0076BE      3414       0  CODE    
                mediumconst                    0076BE  000942  008000      3B5F       0  MEDIUMCO
                idloc                          200000  000008  200008    200000       0  IDLOC   
                config                         300000  00000E  30000E    300000       0  CONFIG  


UNUSED ADDRESS RANGES

        Name                Unused          Largest block    Delta
        BANK0            0000D3-0000FF               2D
        BANK4            00046A-0004FF               96
        BANK5            000500-0005FF              100
        BIGRAM           0000D3-0000FF               2D
                         00046A-0005FF              196
        CODE             000006-005769             5764
        CONST            000006-005769             5764
        EEDATA           F00000-F000FF              100
        MEDIUMCONST      000600-005769             516A
        RAM              0000D3-0000FF               2D
                         00046A-0005FF               96
        SFR              000F38-000FFC               28
        SMALLCONST       000600-005769              100
        STACK            00046A-0005FF              196

                                  Symbol Table

?___awdiv                    cstackCOMRAM 000007
?___lmul                     cstackCOMRAM 000001
?___lwdiv                    cstackCOMRAM 000001
?___lwmod                    cstackCOMRAM 000008
?___wmul                     cstackCOMRAM 000001
?_sprintf                    cstackCOMRAM 00000F
Delay10TCYx@unit             cstackCOMRAM 000001
Delay@a                      cstackCOMRAM 000001
LCDChrXY@ch                  cstackCOMRAM 00000E
LCDChrXY@i                   cstackCOMRAM 000016
LCDChrXY@index               cstackCOMRAM 000018
LCDChrXY@mid_shift           cstackCOMRAM 000014
LCDChrXY@offset              cstackCOMRAM 000011
LCDChrXY@x                   cstackCOMRAM 000013
LCDChrXY@y                   cstackCOMRAM 00000D
LCDClear@i                   cstackCOMRAM 000001
LCDSend@cd                   cstackCOMRAM 000007
LCDSend@data                 cstackCOMRAM 000008
LCDStr@dataPtr               cstackCOMRAM 00001A
LCDStr@inv                   cstackCOMRAM 00001C
LCDStr@row                   cstackCOMRAM 00001D
LCDStr@x                     cstackCOMRAM 00001E
LCDUpdate@x                  cstackCOMRAM 000009
LCDUpdate@y                  cstackCOMRAM 00000B
Open1USART@config            cstackCOMRAM 000006
Open1USART@spbrg             cstackCOMRAM 000001
OpenADC@config               cstackCOMRAM 000005
OpenADC@config2              cstackCOMRAM 000001
OpenADC@config3              cstackCOMRAM 000002
OpenSPI1@bus_mode            cstackCOMRAM 000001
OpenSPI1@smp_phase           cstackCOMRAM 000002
OpenSPI1@sync_mode           cstackCOMRAM 000003
Write1USART@data             cstackCOMRAM 000001
WriteSPI1@TempVar            cstackCOMRAM 000001
WriteSPI1@data_out           cstackCOMRAM 000002
_ADCON0                      (abs)        000FC2
_ADCON0bits                  (abs)        000FC2
_ADCON1                      (abs)        000FC1
_ADCON2                      (abs)        000FC0
_ADRESH                      (abs)        000FC4
_ADRESL                      (abs)        000FC3
_ANSELAbits                  (abs)        000F38
_ANSELC                      (abs)        000F3A
_BusyADC                     text27       005770
_ConvertADC                  text26       00576C
_Delay                       text20       0057AC
_Delay10TCYx                 text17       00578A
_FontLookup                  mediumconst  007CBF
_INTCONbits                  (abs)        000FF2
_Initialize_SPI              text19       00576A
_LATBbits                    (abs)        000F8A
_LATC                        (abs)        000F8B
_LATCbits                    (abs)        000F8B
_LCDChrXY                    text6        005DC6
_LCDClear                    text18       005830
_LCDInit                     text12       005D0C
_LCDSend                     text15       0057E4
_LCDStr                      text5        005892
_LCDUpdate                   text13       005B4E
_LcdMemIdx                   bssCOMRAM    00005A
_LcdMemory                   bssBIGRAM    000200
_OSCCON2bits                 (abs)        000FD2
_OSCCONbits                  (abs)        000FD3
_OSCTUNEbits                 (abs)        000F9B
_Open1USART                  text11       005AF6
_OpenADC                     text10       005956
_OpenSPI1                    text9        005AA0
_PIE1                        (abs)        000F9D
_PIE1bits                    (abs)        000F9D
_PIR1bits                    (abs)        000F9E
_RCSTA1                      (abs)        000FAB
_RCSTA1bits                  (abs)        000FAB
_SPBRG1                      (abs)        000FAF
_SPBRGH1                     (abs)        000FB0
_SSP1BUF                     (abs)        000FC9
_SSP1CON1                    (abs)        000FC6
_SSP1CON1bits                (abs)        000FC6
_SSP1STAT                    (abs)        000FC7
_SSP1STATbits                (abs)        000FC7
_Sinewave                    mediumconst  0076BF
_TRISAbits                   (abs)        000F92
_TRISBbits                   (abs)        000F93
_TRISC                       (abs)        000F94
_TRISCbits                   (abs)        000F94
_TXREG1                      (abs)        000FAD
_TXSTA1                      (abs)        000FAC
_TXSTA1bits                  (abs)        000FAC
_USART1_Status               bssCOMRAM    00005E
_Write1USART                 text23       00579A
_WriteSPI1                   text16       0057C6
__CFG_FOSC$INTIO7            (abs)        000000
__CFG_LVP$OFF                (abs)        000000
__CFG_PBADEN$ON              (abs)        000000
__CFG_PLLCFG$OFF             (abs)        000000
__CFG_PRICLKEN$OFF           (abs)        000000
__CFG_WDTEN$OFF              (abs)        000000
__HRAM                       (abs)        000000
__Habs1                      abs1         000000
__Hbank0                     bank0        000000
__Hbank1                     bank1        000000
__Hbank2                     bank2        000000
__Hbank3                     bank3        000000
__Hbank4                     bank4        000000
__Hbank5                     bank5        000000
__Hbigbss                    bigbss       000000
__Hbigdata                   bigdata      000000
__Hbigram                    bigram       000000
__Hbss                       bss          000000
__HbssBANK0                  bssBANK0     000000
__HbssBANK1                  bssBANK1     000000
__HbssBIGRAM                 bssBIGRAM    000000
__HbssCOMRAM                 bssCOMRAM    000000
__Hcinit                     cinit        000000
__Hclrtext                   clrtext      000000
__Hcomram                    comram       000000
__Hconfig                    config       30000E
__Hconst                     const        000000
__HcstackBANK0               cstackBANK0  000000
__HcstackCOMRAM              cstackCOMRAM 000000
__Hdata                      data         000000
__Heeprom_data               eeprom_data  000000
__Hend_init                  end_init     000006
__Hfarbss                    farbss       000000
__Hfardata                   fardata      000000
__Hibigdata                  ibigdata     000000
__Hidata                     idata        000000
__Hidloc                     idloc        200008
__Hifardata                  ifardata     000000
__Hinit                      init         000002
__Hintcode                   intcode      000002
__Hintcode_body              intcode_body 000000
__Hintcodelo                 intcodelo    000002
__Hintentry                  intentry     000000
__Hintret                    intret       000000
__Hintsave_regs              intsave_regs 000000
__Hirdata                    irdata       000000
__Hmediumconst               mediumconst  008000
__HnvFARRAM                  nvFARRAM     000000
__Hnvbit                     nvbit        000000
__Hnvrram                    nvrram       000000
__Hparam                     rparam       000000
__Hpowerup                   powerup      000002
__Hram                       ram          000000
__Hramtop                    ramtop       000600
__Hrbit                      rbit         000000
__Hrbss                      rbss         000000
__Hrdata                     rdata        000000
__Hreset_vec                 reset_vec    000002
__Hrparam                    rparam       000000
__Hsfr                       sfr          000000
__Hsmallconst                smallconst   000000
__Hspace_0                   (abs)        30000E
__Hspace_1                   (abs)        00046A
__Hspace_2                   (abs)        000000
__Hstack                     stack        000000
__Hstruct                    struct       000000
__Htemp                      temp         000000
__Htext                      text         000000
__Htext0                     text0        000000
__Htext1                     text1        000000
__Htext10                    text10       000000
__Htext11                    text11       000000
__Htext12                    text12       000000
__Htext13                    text13       000000
__Htext14                    text14       000000
__Htext15                    text15       000000
__Htext16                    text16       000000
__Htext17                    text17       000000
__Htext18                    text18       000000
__Htext19                    text19       000000
__Htext2                     text2        000000
__Htext20                    text20       000000
__Htext21                    text21       000000
__Htext22                    text22       000000
__Htext23                    text23       000000
__Htext24                    text24       000000
__Htext25                    text25       000000
__Htext26                    text26       000000
__Htext27                    text27       000000
__Htext3                     text3        000000
__Htext4                     text4        000000
__Htext5                     text5        000000
__Htext6                     text6        000000
__Htext7                     text7        000000
__Htext8                     text8        000000
__Htext9                     text9        000000
__LRAM                       (abs)        000001
__Labs1                      abs1         000000
__Lbank0                     bank0        000000
__Lbank1                     bank1        000000
__Lbank2                     bank2        000000
__Lbank3                     bank3        000000
__Lbank4                     bank4        000000
__Lbank5                     bank5        000000
__Lbigbss                    bigbss       000000
__Lbigdata                   bigdata      000000
__Lbigram                    bigram       000000
__Lbss                       bss          000000
__LbssBANK0                  bssBANK0     000000
__LbssBANK1                  bssBANK1     000000
__LbssBIGRAM                 bssBIGRAM    000000
__LbssCOMRAM                 bssCOMRAM    000000
__Lcinit                     cinit        000000
__Lclrtext                   clrtext      000000
__Lcomram                    comram       000000
__Lconfig                    config       300000
__Lconst                     const        000000
__LcstackBANK0               cstackBANK0  000000
__LcstackCOMRAM              cstackCOMRAM 000000
__Ldata                      data         000000
__Leeprom_data               eeprom_data  000000
__Lend_init                  end_init     000002
__Lfarbss                    farbss       000000
__Lfardata                   fardata      000000
__Libigdata                  ibigdata     000000
__Lidata                     idata        000000
__Lidloc                     idloc        200000
__Lifardata                  ifardata     000000
__Linit                      init         000002
__Lintcode                   intcode      000002
__Lintcode_body              intcode_body 000000
__Lintcodelo                 intcodelo    000002
__Lintentry                  intentry     000000
__Lintret                    intret       000000
__Lintsave_regs              intsave_regs 000000
__Lirdata                    irdata       000000
__Lmediumconst               mediumconst  0076BE
__LnvFARRAM                  nvFARRAM     000000
__Lnvbit                     nvbit        000000
__Lnvrram                    nvrram       000000
__Lparam                     rparam       000000
__Lpowerup                   powerup      000002
__Lram                       ram          000000
__Lramtop                    ramtop       000600
__Lrbit                      rbit         000000
__Lrbss                      rbss         000000
__Lrdata                     rdata        000000
__Lreset_vec                 reset_vec    000000
__Lrparam                    rparam       000000
__Lsfr                       sfr          000000
__Lsmallconst                smallconst   000000
__Lspace_0                   (abs)        000000
__Lspace_1                   (abs)        000000
__Lspace_2                   (abs)        000000
__Lstack                     stack        000000
__Lstruct                    struct       000000
__Ltemp                      temp         000000
__Ltext                      text         000000
__Ltext0                     text0        000000
__Ltext1                     text1        000000
__Ltext10                    text10       000000
__Ltext11                    text11       000000
__Ltext12                    text12       000000
__Ltext13                    text13       000000
__Ltext14                    text14       000000
__Ltext15                    text15       000000
__Ltext16                    text16       000000
__Ltext17                    text17       000000
__Ltext18                    text18       000000
__Ltext19                    text19       000000
__Ltext2                     text2        000000
__Ltext20                    text20       000000
__Ltext21                    text21       000000
__Ltext22                    text22       000000
__Ltext23                    text23       000000
__Ltext24                    text24       000000
__Ltext25                    text25       000000
__Ltext26                    text26       000000
__Ltext27                    text27       000000
__Ltext3                     text3        000000
__Ltext4                     text4        000000
__Ltext5                     text5        000000
__Ltext6                     text6        000000
__Ltext7                     text7        000000
__Ltext8                     text8        000000
__Ltext9                     text9        000000
__S0                         (abs)        30000E
__S1                         (abs)        00046A
__S2                         (abs)        000000
___awdiv                     text4        005C68
___awdiv@counter             cstackCOMRAM 00000B
___awdiv@dividend            cstackCOMRAM 000007
___awdiv@divisor             cstackCOMRAM 000009
___awdiv@quotient            cstackCOMRAM 00000D
___awdiv@sign                cstackCOMRAM 00000C
___inthi_sp                  stack        000000
___intlo_sp                  stack        000000
___lmul                      text25       005A4A
___lmul@multiplicand         cstackCOMRAM 000005
___lmul@multiplier           cstackCOMRAM 000001
___lmul@product              cstackCOMRAM 000009
___lwdiv                     text3        0059A4
___lwdiv@counter             cstackCOMRAM 000007
___lwdiv@dividend            cstackCOMRAM 000001
___lwdiv@divisor             cstackCOMRAM 000003
___lwdiv@quotient            cstackCOMRAM 000005
___lwmod                     text7        0058CA
___lwmod@counter             cstackCOMRAM 00000C
___lwmod@dividend            cstackCOMRAM 000008
___lwmod@divisor             cstackCOMRAM 00000A
___sp                        stack        000000
___wmul                      text14       00580A
___wmul@multiplicand         cstackCOMRAM 000003
___wmul@multiplier           cstackCOMRAM 000001
___wmul@product              cstackCOMRAM 000005
__accesstop                  (abs)        000060
__activetblptr               (abs)        000002
__end_of_BusyADC             text27       00577C
__end_of_ConvertADC          text26       005770
__end_of_Delay               text20       0057C6
__end_of_Delay10TCYx         text17       00579A
__end_of_FontLookup          mediumconst  007EF3
__end_of_Initialize_SPI      text19       00576C
__end_of_LCDChrXY            text6        005F22
__end_of_LCDClear            text18       00585E
__end_of_LCDInit             text12       005DC6
__end_of_LCDSend             text15       00580A
__end_of_LCDStr              text5        0058CA
__end_of_LCDUpdate           text13       005BD8
__end_of_Open1USART          text11       005B4E
__end_of_OpenADC             text10       0059A4
__end_of_OpenSPI1            text9        005AF6
__end_of_Sinewave            mediumconst  007CBF
__end_of_Write1USART         text23       0057AC
__end_of_WriteSPI1           text16       0057E4
__end_of___awdiv             text4        005D0C
__end_of___lmul              text25       005AA0
__end_of___lwdiv             text3        0059F6
__end_of___lwmod             text7        00590C
__end_of___wmul              text14       005830
__end_of__initialization     cinit        00594C
__end_of__stringdata         mediumconst  007FFE
__end_of_alarm_prob_weights  mediumconst  007F31
__end_of_dpowers             mediumconst  007FF5
__end_of_fix_fft             text24       006828
__end_of_growl_prob_weights  mediumconst  007F6F
__end_of_horn_prob_weights   mediumconst  007FAD
__end_of_main                text0        0076BE
__end_of_scream_prob_weights mediumconst  007FEB
__end_of_sendChar            text22       00578A
__end_of_sendIntArray        text21       005892
__end_of_setup               text8        005C68
__end_of_sprintf             text2        00609C
__end_of_writeGuess          text1        005A4A
__initialization             cinit        00590C
__mediumconst                mediumconst  0076BE
__pbssBANK0                  bssBANK0     000060
__pbssBANK1                  bssBANK1     000100
__pbssBIGRAM                 bssBIGRAM    000200
__pbssCOMRAM                 bssCOMRAM    00005A
__pcinit                     cinit        00590C
__pcstackBANK0               cstackBANK0  0000C5
__pcstackCOMRAM              cstackCOMRAM 000001
__pmediumconst               mediumconst  0076BE
__ptext0                     text0        006828
__ptext1                     text1        0059F6
__ptext10                    text10       005956
__ptext11                    text11       005AF6
__ptext12                    text12       005D0C
__ptext13                    text13       005B4E
__ptext14                    text14       00580A
__ptext15                    text15       0057E4
__ptext16                    text16       0057C6
__ptext17                    text17       00578A
__ptext18                    text18       005830
__ptext19                    text19       00576A
__ptext2                     text2        005F22
__ptext20                    text20       0057AC
__ptext21                    text21       00585E
__ptext22                    text22       00577C
__ptext23                    text23       00579A
__ptext24                    text24       00609C
__ptext25                    text25       005A4A
__ptext26                    text26       00576C
__ptext27                    text27       005770
__ptext3                     text3        0059A4
__ptext4                     text4        005C68
__ptext5                     text5        005892
__ptext6                     text6        005DC6
__ptext7                     text7        0058CA
__ptext8                     text8        005BD8
__ptext9                     text9        005AA0
__ramtop                     ramtop       000600
__size_of_BusyADC            (abs)        000000
__size_of_ConvertADC         (abs)        000000
__size_of_Delay              (abs)        000000
__size_of_Delay10TCYx        (abs)        000000
__size_of_Initialize_SPI     (abs)        000000
__size_of_LCDChrXY           (abs)        000000
__size_of_LCDClear           (abs)        000000
__size_of_LCDInit            (abs)        000000
__size_of_LCDSend            (abs)        000000
__size_of_LCDStr             (abs)        000000
__size_of_LCDUpdate          (abs)        000000
__size_of_Open1USART         (abs)        000000
__size_of_OpenADC            (abs)        000000
__size_of_OpenSPI1           (abs)        000000
__size_of_Write1USART        (abs)        000000
__size_of_WriteSPI1          (abs)        000000
__size_of___awdiv            (abs)        000000
__size_of___lmul             (abs)        000000
__size_of___lwdiv            (abs)        000000
__size_of___lwmod            (abs)        000000
__size_of___wmul             (abs)        000000
__size_of_fix_fft            (abs)        000000
__size_of_main               (abs)        000000
__size_of_sendChar           (abs)        000000
__size_of_sendIntArray       (abs)        000000
__size_of_setup              (abs)        000000
__size_of_sprintf            (abs)        000000
__size_of_writeGuess         (abs)        000000
__smallconst                 smallconst   000000
__stringdata                 mediumconst  007FF5
_alarm_prob                  bssBANK0     0000A7
_alarm_prob_weights          mediumconst  007EF3
_alarm_tally                 bssBANK0     0000A9
_baud_rate                   bssBANK0     0000A3
_data                        bssBANK0     00009E
_dpowers                     mediumconst  007FEB
_fix_fft                     text24       00609C
_growl_prob                  bssBANK0     0000AB
_growl_prob_weights          mediumconst  007F31
_growl_tally                 bssBANK0     0000AD
_guesses                     bssBANK0     0000BB
_horn_prob                   bssBANK0     0000AF
_horn_prob_weights           mediumconst  007F6F
_horn_tally                  bssBANK0     0000B1
_i                           bssCOMRAM    00005C
_imaginary_numbers           bssBANK1     000100
_input                       bssCOMRAM    00005F
_main                        text0        006828
_max_tally                   bssBANK0     0000B3
_oldRealNumbers              bssBANK0     000060
_real_numbers                bssBANK1     000180
_scream_prob                 bssBANK0     0000B5
_scream_prob_weights         mediumconst  007FAD
_scream_tally                bssBANK0     0000B7
_sendChar                    text22       00577C
_sendIntArray                text21       00585E
_setup                       text8        005BD8
_sprintf                     text2        005F22
_total_tally                 bssBANK0     0000B9
_writeGuess                  text1        0059F6
end_of_initialization        cinit        00594C
fix_fft@b                    cstackCOMRAM 000037
fix_fft@c                    cstackCOMRAM 000049
fix_fft@fi                   cstackCOMRAM 00000F
fix_fft@fr                   cstackCOMRAM 00000D
fix_fft@i                    cstackCOMRAM 000039
fix_fft@istep                cstackCOMRAM 000023
fix_fft@j                    cstackCOMRAM 000045
fix_fft@k                    cstackCOMRAM 00001B
fix_fft@l                    cstackCOMRAM 000041
fix_fft@m                    cstackCOMRAM 000011
fix_fft@mr                   cstackCOMRAM 00003D
fix_fft@n                    cstackCOMRAM 00002F
fix_fft@nn                   cstackCOMRAM 00001F
fix_fft@qi                   cstackCOMRAM 000029
fix_fft@qr                   cstackCOMRAM 000027
fix_fft@ti                   cstackCOMRAM 000035
fix_fft@tr                   cstackCOMRAM 000033
fix_fft@wi                   cstackCOMRAM 00002D
fix_fft@wr                   cstackCOMRAM 00002B
intlevel0                    text         000000
intlevel1                    text         000000
intlevel2                    text         000000
intlevel3                    text         000000
main@adc_value               cstackBANK0  0000C5
main@i                       cstackBANK0  0000D1
main@k                       cstackBANK0  0000CF
main@place                   cstackBANK0  0000CB
main@root                    cstackBANK0  0000C7
sendChar@character           cstackCOMRAM 000002
sendIntArray@array           cstackCOMRAM 000003
sendIntArray@size            cstackCOMRAM 000005
sprintf@_val                 cstackCOMRAM 00001F
sprintf@ap                   cstackCOMRAM 00001D
sprintf@c                    cstackCOMRAM 000024
sprintf@f                    cstackCOMRAM 000011
sprintf@flag                 cstackCOMRAM 00001B
sprintf@prec                 cstackCOMRAM 00001C
sprintf@sp                   cstackCOMRAM 00000F
stackhi                      (abs)        0005FF
stacklo                      (abs)        00046A
start                        init         000002
start_initialization         cinit        00590C
writeGuess@guess             cstackCOMRAM 000031
writeGuess@percent           cstackCOMRAM 000029
writeGuess@prob              cstackCOMRAM 000025
writeGuess@row               cstackCOMRAM 000027


FUNCTION INFORMATION:

 *************** function _main *****************
 Defined at:
		line 71 in file "main pic18.c"
 Parameters:    Size  Location     Type
		None
 Auto vars:     Size  Location     Type
  place           4    6[BANK0 ] long 
  root            4    2[BANK0 ] long 
  i               2   12[BANK0 ] short 
  k               2   10[BANK0 ] int 
  adc_value       2    0[BANK0 ] unsigned int 
 Return value:  Size  Location     Type
		None               void
 Registers used:
		wreg, fsr1l, fsr1h, fsr2l, fsr2h, status,2, status,0, tblptrl, tblptrh, tblptru, prodl, prodh, cstack
 Tracked objects:
		On entry : 
		On exit  : 
		Unchanged: 
 Data sizes:     COMRAM   BANK0   BANK1   BANK2   BANK3   BANK4   BANK5
      Params:         0       0       0       0       0       0       0
      Locals:         0      14       0       0       0       0       0
      Temps:         13       0       0       0       0       0       0
      Totals:        13      14       0       0       0       0       0
Total ram usage:       27 bytes
 Hardware stack levels required when called:    5
 This function calls:
		_BusyADC
		_ConvertADC
		___awdiv
		___wmul
		_fix_fft
		_sendIntArray
		_setup
		_writeGuess
 This function is called by:
		Startup code after reset
 This function uses a non-reentrant model


 *************** function _writeGuess *****************
 Defined at:
		line 309 in file "main pic18.c"
 Parameters:    Size  Location     Type
  guess           1    wreg     unsigned char 
  prob            2   36[COMRAM] int 
  row             2   38[COMRAM] int 
 Auto vars:     Size  Location     Type
  guess           1   48[COMRAM] unsigned char 
  percent         8   40[COMRAM] unsigned char [8]
 Return value:  Size  Location     Type
		None               void
 Registers used:
		wreg, fsr2l, fsr2h, status,2, status,0, tblptrl, tblptrh, tblptru, prodl, prodh, cstack
 Tracked objects:
		On entry : 
		On exit  : 
		Unchanged: 
 Data sizes:     COMRAM   BANK0   BANK1   BANK2   BANK3   BANK4   BANK5
      Params:         4       0       0       0       0       0       0
      Locals:         9       0       0       0       0       0       0
      Temps:          0       0       0       0       0       0       0
      Totals:        13       0       0       0       0       0       0
Total ram usage:       13 bytes
 Hardware stack levels used:    1
 Hardware stack levels required when called:    4
 This function calls:
		_LCDStr
		___awdiv
		_sprintf
 This function is called by:
		_main
 This function uses a non-reentrant model


 *************** function _sprintf *****************
 Defined at:
		line 492 in file "C:\Program Files (x86)\Microchip\xc8\v1.33\sources\common\doprnt.c"
 Parameters:    Size  Location     Type
  sp              2   14[COMRAM] PTR unsigned char 
		 -> writeGuess@percent(8), 
  f               2   16[COMRAM] PTR const unsigned char 
		 -> STR_1(9), 
 Auto vars:     Size  Location     Type
  _val            5   30[COMRAM] struct .
  ap              2   28[COMRAM] PTR void [1]
		 -> ?_sprintf(2), 
  c               1   35[COMRAM] char 
  prec            1   27[COMRAM] char 
  flag            1   26[COMRAM] unsigned char 
 Return value:  Size  Location     Type
                  2   14[COMRAM] int 
 Registers used:
		wreg, fsr2l, fsr2h, status,2, status,0, tblptrl, tblptrh, tblptru, prodl, prodh, cstack
 Tracked objects:
		On entry : 
		On exit  : 
		Unchanged: 
 Data sizes:     COMRAM   BANK0   BANK1   BANK2   BANK3   BANK4   BANK5
      Params:        10       0       0       0       0       0       0
      Locals:        10       0       0       0       0       0       0
      Temps:          2       0       0       0       0       0       0
      Totals:        22       0       0       0       0       0       0
Total ram usage:       22 bytes
 Hardware stack levels used:    1
 Hardware stack levels required when called:    1
 This function calls:
		___lwdiv
		___lwmod
 This function is called by:
		_writeGuess
 This function uses a non-reentrant model


 *************** function ___lwdiv *****************
 Defined at:
		line 8 in file "C:\Program Files (x86)\Microchip\xc8\v1.33\sources\common\lwdiv.c"
 Parameters:    Size  Location     Type
  dividend        2    0[COMRAM] unsigned int 
  divisor         2    2[COMRAM] unsigned int 
 Auto vars:     Size  Location     Type
  quotient        2    4[COMRAM] unsigned int 
  counter         1    6[COMRAM] unsigned char 
 Return value:  Size  Location     Type
                  2    0[COMRAM] unsigned int 
 Registers used:
		wreg, status,2, status,0
 Tracked objects:
		On entry : 
		On exit  : 
		Unchanged: 
 Data sizes:     COMRAM   BANK0   BANK1   BANK2   BANK3   BANK4   BANK5
      Params:         4       0       0       0       0       0       0
      Locals:         3       0       0       0       0       0       0
      Temps:          0       0       0       0       0       0       0
      Totals:         7       0       0       0       0       0       0
Total ram usage:        7 bytes
 Hardware stack levels used:    1
 This function calls:
		Nothing
 This function is called by:
		_sprintf
 This function uses a non-reentrant model


 *************** function ___awdiv *****************
 Defined at:
		line 8 in file "C:\Program Files (x86)\Microchip\xc8\v1.33\sources\common\awdiv.c"
 Parameters:    Size  Location     Type
  dividend        2    6[COMRAM] int 
  divisor         2    8[COMRAM] int 
 Auto vars:     Size  Location     Type
  quotient        2   12[COMRAM] int 
  sign            1   11[COMRAM] unsigned char 
  counter         1   10[COMRAM] unsigned char 
 Return value:  Size  Location     Type
                  2    6[COMRAM] int 
 Registers used:
		wreg, status,2, status,0, prodl
 Tracked objects:
		On entry : 
		On exit  : 
		Unchanged: 
 Data sizes:     COMRAM   BANK0   BANK1   BANK2   BANK3   BANK4   BANK5
      Params:         4       0       0       0       0       0       0
      Locals:         4       0       0       0       0       0       0
      Temps:          0       0       0       0       0       0       0
      Totals:         8       0       0       0       0       0       0
Total ram usage:        8 bytes
 Hardware stack levels used:    1
 This function calls:
		Nothing
 This function is called by:
		_main
		_writeGuess
 This function uses a non-reentrant model


 *************** function _LCDStr *****************
 Defined at:
		line 399 in file "lcd3310_SPI.c"
 Parameters:    Size  Location     Type
  row             1    wreg     unsigned char 
  dataPtr         2   25[COMRAM] PTR const unsigned char 
		 -> writeGuess@percent(8), 
  inv             1   27[COMRAM] unsigned char 
 Auto vars:     Size  Location     Type
  row             1   28[COMRAM] unsigned char 
  x               1   29[COMRAM] unsigned char 
 Return value:  Size  Location     Type
		None               void
 Registers used:
		wreg, fsr2l, fsr2h, status,2, status,0, tblptrl, tblptrh, tblptru, prodl, prodh, cstack
 Tracked objects:
		On entry : 
		On exit  : 
		Unchanged: 
 Data sizes:     COMRAM   BANK0   BANK1   BANK2   BANK3   BANK4   BANK5
      Params:         3       0       0       0       0       0       0
      Locals:         2       0       0       0       0       0       0
      Temps:          0       0       0       0       0       0       0
      Totals:         5       0       0       0       0       0       0
Total ram usage:        5 bytes
 Hardware stack levels used:    1
 Hardware stack levels required when called:    3
 This function calls:
		_LCDChrXY
		_LCDUpdate
 This function is called by:
		_writeGuess
 This function uses a non-reentrant model


 *************** function _LCDChrXY *****************
 Defined at:
		line 306 in file "lcd3310_SPI.c"
 Parameters:    Size  Location     Type
  x               1    wreg     unsigned char 
  y               1   12[COMRAM] unsigned char 
  ch              1   13[COMRAM] unsigned char 
 Auto vars:     Size  Location     Type
  x               1   18[COMRAM] unsigned char 
  index           2   23[COMRAM] unsigned int 
  i               2   21[COMRAM] unsigned int 
  mid_shift       2   19[COMRAM] unsigned int 
  offset          2   16[COMRAM] unsigned int 
 Return value:  Size  Location     Type
		None               void
 Registers used:
		wreg, fsr2l, fsr2h, status,2, status,0, tblptrl, tblptrh, tblptru, prodl, prodh, cstack
 Tracked objects:
		On entry : 
		On exit  : 
		Unchanged: 
 Data sizes:     COMRAM   BANK0   BANK1   BANK2   BANK3   BANK4   BANK5
      Params:         2       0       0       0       0       0       0
      Locals:         9       0       0       0       0       0       0
      Temps:          2       0       0       0       0       0       0
      Totals:        13       0       0       0       0       0       0
Total ram usage:       13 bytes
 Hardware stack levels used:    1
 Hardware stack levels required when called:    1
 This function calls:
		___lwmod
		___wmul
 This function is called by:
		_LCDStr
 This function uses a non-reentrant model


 *************** function ___lwmod *****************
 Defined at:
		line 8 in file "C:\Program Files (x86)\Microchip\xc8\v1.33\sources\common\lwmod.c"
 Parameters:    Size  Location     Type
  dividend        2    7[COMRAM] unsigned int 
  divisor         2    9[COMRAM] unsigned int 
 Auto vars:     Size  Location     Type
  counter         1   11[COMRAM] unsigned char 
 Return value:  Size  Location     Type
                  2    7[COMRAM] unsigned int 
 Registers used:
		wreg, status,2, status,0
 Tracked objects:
		On entry : 
		On exit  : 
		Unchanged: 
 Data sizes:     COMRAM   BANK0   BANK1   BANK2   BANK3   BANK4   BANK5
      Params:         4       0       0       0       0       0       0
      Locals:         1       0       0       0       0       0       0
      Temps:          0       0       0       0       0       0       0
      Totals:         5       0       0       0       0       0       0
Total ram usage:        5 bytes
 Hardware stack levels used:    1
 This function calls:
		Nothing
 This function is called by:
		_LCDChrXY
		_sprintf
 This function uses a non-reentrant model


 *************** function _setup *****************
 Defined at:
		line 254 in file "main pic18.c"
 Parameters:    Size  Location     Type
		None
 Auto vars:     Size  Location     Type
		None
 Return value:  Size  Location     Type
		None               void
 Registers used:
		wreg, fsr2l, fsr2h, status,2, status,0, prodl, prodh, cstack
 Tracked objects:
		On entry : 
		On exit  : 
		Unchanged: 
 Data sizes:     COMRAM   BANK0   BANK1   BANK2   BANK3   BANK4   BANK5
      Params:         0       0       0       0       0       0       0
      Locals:         0       0       0       0       0       0       0
      Temps:          0       0       0       0       0       0       0
      Totals:         0       0       0       0       0       0       0
Total ram usage:        0 bytes
 Hardware stack levels used:    1
 Hardware stack levels required when called:    4
 This function calls:
		_LCDInit
		_Open1USART
		_OpenADC
		_OpenSPI1
 This function is called by:
		_main
 This function uses a non-reentrant model


 *************** function _OpenSPI1 *****************
 Defined at:
		line 63 in file "C:\Program Files (x86)\Microchip\xc8\v1.33\sources\pic18\plib\SPI\spi1open.c"
 Parameters:    Size  Location     Type
  sync_mode       1    wreg     unsigned char 
  bus_mode        1    0[COMRAM] unsigned char 
  smp_phase       1    1[COMRAM] unsigned char 
 Auto vars:     Size  Location     Type
  sync_mode       1    2[COMRAM] unsigned char 
 Return value:  Size  Location     Type
		None               void
 Registers used:
		wreg, status,2, status,0
 Tracked objects:
		On entry : 
		On exit  : 
		Unchanged: 
 Data sizes:     COMRAM   BANK0   BANK1   BANK2   BANK3   BANK4   BANK5
      Params:         2       0       0       0       0       0       0
      Locals:         1       0       0       0       0       0       0
      Temps:          0       0       0       0       0       0       0
      Totals:         3       0       0       0       0       0       0
Total ram usage:        3 bytes
 Hardware stack levels used:    1
 This function calls:
		Nothing
 This function is called by:
		_setup
 This function uses a non-reentrant model


 *************** function _OpenADC *****************
 Defined at:
		line 305 in file "C:\Program Files (x86)\Microchip\xc8\v1.33\sources\pic18\plib\ADC\adcopen.c"
 Parameters:    Size  Location     Type
  config          1    wreg     unsigned char 
  config2         1    0[COMRAM] unsigned char 
  config3         1    1[COMRAM] unsigned char 
 Auto vars:     Size  Location     Type
  config          1    4[COMRAM] unsigned char 
 Return value:  Size  Location     Type
		None               void
 Registers used:
		wreg, status,2, status,0
 Tracked objects:
		On entry : 
		On exit  : 
		Unchanged: 
 Data sizes:     COMRAM   BANK0   BANK1   BANK2   BANK3   BANK4   BANK5
      Params:         2       0       0       0       0       0       0
      Locals:         1       0       0       0       0       0       0
      Temps:          2       0       0       0       0       0       0
      Totals:         5       0       0       0       0       0       0
Total ram usage:        5 bytes
 Hardware stack levels used:    1
 This function calls:
		Nothing
 This function is called by:
		_setup
 This function uses a non-reentrant model


 *************** function _Open1USART *****************
 Defined at:
		line 124 in file "C:\Program Files (x86)\Microchip\xc8\v1.33\sources\pic18\plib\USART\u1open.c"
 Parameters:    Size  Location     Type
  config          1    wreg     unsigned char 
  spbrg           2    0[COMRAM] unsigned int 
 Auto vars:     Size  Location     Type
  config          1    5[COMRAM] unsigned char 
 Return value:  Size  Location     Type
		None               void
 Registers used:
		wreg, status,2
 Tracked objects:
		On entry : 
		On exit  : 
		Unchanged: 
 Data sizes:     COMRAM   BANK0   BANK1   BANK2   BANK3   BANK4   BANK5
      Params:         2       0       0       0       0       0       0
      Locals:         1       0       0       0       0       0       0
      Temps:          3       0       0       0       0       0       0
      Totals:         6       0       0       0       0       0       0
Total ram usage:        6 bytes
 Hardware stack levels used:    1
 This function calls:
		Nothing
 This function is called by:
		_setup
 This function uses a non-reentrant model


 *************** function _LCDInit *****************
 Defined at:
		line 178 in file "lcd3310_SPI.c"
 Parameters:    Size  Location     Type
		None
 Auto vars:     Size  Location     Type
		None
 Return value:  Size  Location     Type
		None               void
 Registers used:
		wreg, fsr2l, fsr2h, status,2, status,0, prodl, prodh, cstack
 Tracked objects:
		On entry : 
		On exit  : 
		Unchanged: 
 Data sizes:     COMRAM   BANK0   BANK1   BANK2   BANK3   BANK4   BANK5
      Params:         0       0       0       0       0       0       0
      Locals:         0       0       0       0       0       0       0
      Temps:          0       0       0       0       0       0       0
      Totals:         0       0       0       0       0       0       0
Total ram usage:        0 bytes
 Hardware stack levels used:    1
 Hardware stack levels required when called:    3
 This function calls:
		_Delay
		_Initialize_SPI
		_LCDClear
		_LCDSend
		_LCDUpdate
 This function is called by:
		_setup
 This function uses a non-reentrant model


 *************** function _LCDUpdate *****************
 Defined at:
		line 242 in file "lcd3310_SPI.c"
 Parameters:    Size  Location     Type
		None
 Auto vars:     Size  Location     Type
  y               2   10[COMRAM] int 
  x               2    8[COMRAM] int 
 Return value:  Size  Location     Type
		None               void
 Registers used:
		wreg, fsr2l, fsr2h, status,2, status,0, prodl, prodh, cstack
 Tracked objects:
		On entry : 
		On exit  : 
		Unchanged: 
 Data sizes:     COMRAM   BANK0   BANK1   BANK2   BANK3   BANK4   BANK5
      Params:         0       0       0       0       0       0       0
      Locals:         4       0       0       0       0       0       0
      Temps:          0       0       0       0       0       0       0
      Totals:         4       0       0       0       0       0       0
Total ram usage:        4 bytes
 Hardware stack levels used:    1
 Hardware stack levels required when called:    2
 This function calls:
		_LCDSend
		___wmul
 This function is called by:
		_LCDInit
		_LCDStr
 This function uses a non-reentrant model


 *************** function ___wmul *****************
 Defined at:
		line 15 in file "C:\Program Files (x86)\Microchip\xc8\v1.33\sources\common\Umul16.c"
 Parameters:    Size  Location     Type
  multiplier      2    0[COMRAM] unsigned int 
  multiplicand    2    2[COMRAM] unsigned int 
 Auto vars:     Size  Location     Type
  product         2    4[COMRAM] unsigned int 
 Return value:  Size  Location     Type
                  2    0[COMRAM] unsigned int 
 Registers used:
		wreg, status,2, status,0, prodl, prodh
 Tracked objects:
		On entry : 
		On exit  : 
		Unchanged: 
 Data sizes:     COMRAM   BANK0   BANK1   BANK2   BANK3   BANK4   BANK5
      Params:         4       0       0       0       0       0       0
      Locals:         2       0       0       0       0       0       0
      Temps:          0       0       0       0       0       0       0
      Totals:         6       0       0       0       0       0       0
Total ram usage:        6 bytes
 Hardware stack levels used:    1
 This function calls:
		Nothing
 This function is called by:
		_main
		_LCDUpdate
		_LCDChrXY
		_LCDChrXYInverse
 This function uses a non-reentrant model


 *************** function _LCDSend *****************
 Defined at:
		line 262 in file "lcd3310_SPI.c"
 Parameters:    Size  Location     Type
  data            1    wreg     unsigned char 
  cd              1    6[COMRAM] unsigned char 
 Auto vars:     Size  Location     Type
  data            1    7[COMRAM] unsigned char 
 Return value:  Size  Location     Type
		None               void
 Registers used:
		wreg, status,2, status,0, cstack
 Tracked objects:
		On entry : 
		On exit  : 
		Unchanged: 
 Data sizes:     COMRAM   BANK0   BANK1   BANK2   BANK3   BANK4   BANK5
      Params:         1       0       0       0       0       0       0
      Locals:         1       0       0       0       0       0       0
      Temps:          0       0       0       0       0       0       0
      Totals:         2       0       0       0       0       0       0
Total ram usage:        2 bytes
 Hardware stack levels used:    1
 Hardware stack levels required when called:    1
 This function calls:
		_Delay10TCYx
		_WriteSPI1
 This function is called by:
		_LCDInit
		_LCDUpdate
		_LCDContrast
 This function uses a non-reentrant model


 *************** function _WriteSPI1 *****************
 Defined at:
		line 13 in file "C:\Program Files (x86)\Microchip\xc8\v1.33\sources\pic18\plib\SPI\spi1writ.c"
 Parameters:    Size  Location     Type
  data_out        1    wreg     unsigned char 
 Auto vars:     Size  Location     Type
  data_out        1    1[COMRAM] unsigned char 
  TempVar         1    0[COMRAM] unsigned char 
 Return value:  Size  Location     Type
                  1    wreg      char 
 Registers used:
		wreg
 Tracked objects:
		On entry : 
		On exit  : 
		Unchanged: 
 Data sizes:     COMRAM   BANK0   BANK1   BANK2   BANK3   BANK4   BANK5
      Params:         0       0       0       0       0       0       0
      Locals:         2       0       0       0       0       0       0
      Temps:          0       0       0       0       0       0       0
      Totals:         2       0       0       0       0       0       0
Total ram usage:        2 bytes
 Hardware stack levels used:    1
 This function calls:
		Nothing
 This function is called by:
		_LCDSend
 This function uses a non-reentrant model


 *************** function _Delay10TCYx *****************
 Defined at:
		line 8 in file "C:\Program Files (x86)\Microchip\xc8\v1.33\sources\pic18\d10tcyx.c"
 Parameters:    Size  Location     Type
  unit            1    wreg     unsigned char 
 Auto vars:     Size  Location     Type
  unit            1    0[COMRAM] unsigned char 
 Return value:  Size  Location     Type
		None               void
 Registers used:
		wreg
 Tracked objects:
		On entry : 
		On exit  : 
		Unchanged: 
 Data sizes:     COMRAM   BANK0   BANK1   BANK2   BANK3   BANK4   BANK5
      Params:         0       0       0       0       0       0       0
      Locals:         1       0       0       0       0       0       0
      Temps:          0       0       0       0       0       0       0
      Totals:         1       0       0       0       0       0       0
Total ram usage:        1 bytes
 Hardware stack levels used:    1
 This function calls:
		Nothing
 This function is called by:
		_LCDSend
 This function uses a non-reentrant model


 *************** function _LCDClear *****************
 Defined at:
		line 289 in file "lcd3310_SPI.c"
 Parameters:    Size  Location     Type
		None
 Auto vars:     Size  Location     Type
  i               2    0[COMRAM] int 
 Return value:  Size  Location     Type
		None               void
 Registers used:
		wreg, fsr2l, fsr2h, status,2, status,0
 Tracked objects:
		On entry : 
		On exit  : 
		Unchanged: 
 Data sizes:     COMRAM   BANK0   BANK1   BANK2   BANK3   BANK4   BANK5
      Params:         0       0       0       0       0       0       0
      Locals:         2       0       0       0       0       0       0
      Temps:          0       0       0       0       0       0       0
      Totals:         2       0       0       0       0       0       0
Total ram usage:        2 bytes
 Hardware stack levels used:    1
 This function calls:
		Nothing
 This function is called by:
		_LCDInit
 This function uses a non-reentrant model


 *************** function _Initialize_SPI *****************
 Defined at:
		line 34 in file "lcd3310_SPI.c"
 Parameters:    Size  Location     Type
		None
 Auto vars:     Size  Location     Type
		None
 Return value:  Size  Location     Type
		None               void
 Registers used:
		None
 Tracked objects:
		On entry : 
		On exit  : 
		Unchanged: 
 Data sizes:     COMRAM   BANK0   BANK1   BANK2   BANK3   BANK4   BANK5
      Params:         0       0       0       0       0       0       0
      Locals:         0       0       0       0       0       0       0
      Temps:          0       0       0       0       0       0       0
      Totals:         0       0       0       0       0       0       0
Total ram usage:        0 bytes
 Hardware stack levels used:    1
 This function calls:
		Nothing
 This function is called by:
		_LCDInit
 This function uses a non-reentrant model


 *************** function _Delay *****************
 Defined at:
		line 166 in file "lcd3310_SPI.c"
 Parameters:    Size  Location     Type
  a               4    0[COMRAM] volatile unsigned long 
 Auto vars:     Size  Location     Type
		None
 Return value:  Size  Location     Type
		None               void
 Registers used:
		wreg, status,2, status,0
 Tracked objects:
		On entry : 
		On exit  : 
		Unchanged: 
 Data sizes:     COMRAM   BANK0   BANK1   BANK2   BANK3   BANK4   BANK5
      Params:         4       0       0       0       0       0       0
      Locals:         0       0       0       0       0       0       0
      Temps:          0       0       0       0       0       0       0
      Totals:         4       0       0       0       0       0       0
Total ram usage:        4 bytes
 Hardware stack levels used:    1
 This function calls:
		Nothing
 This function is called by:
		_LCDInit
		_Delayc
 This function uses a non-reentrant model


 *************** function _sendIntArray *****************
 Defined at:
		line 353 in file "main pic18.c"
 Parameters:    Size  Location     Type
  array           2    2[COMRAM] PTR short 
		 -> guesses(10), real_numbers(128), 
  size            2    4[COMRAM] unsigned int 
 Auto vars:     Size  Location     Type
		None
 Return value:  Size  Location     Type
		None               void
 Registers used:
		wreg, fsr2l, fsr2h, status,2, status,0, cstack
 Tracked objects:
		On entry : 
		On exit  : 
		Unchanged: 
 Data sizes:     COMRAM   BANK0   BANK1   BANK2   BANK3   BANK4   BANK5
      Params:         4       0       0       0       0       0       0
      Locals:         0       0       0       0       0       0       0
      Temps:          0       0       0       0       0       0       0
      Totals:         4       0       0       0       0       0       0
Total ram usage:        4 bytes
 Hardware stack levels used:    1
 Hardware stack levels required when called:    2
 This function calls:
		_sendChar
 This function is called by:
		_main
 This function uses a non-reentrant model


 *************** function _sendChar *****************
 Defined at:
		line 348 in file "main pic18.c"
 Parameters:    Size  Location     Type
  character       1    wreg     unsigned char 
 Auto vars:     Size  Location     Type
  character       1    1[COMRAM] unsigned char 
 Return value:  Size  Location     Type
		None               void
 Registers used:
		wreg, status,2, cstack
 Tracked objects:
		On entry : 
		On exit  : 
		Unchanged: 
 Data sizes:     COMRAM   BANK0   BANK1   BANK2   BANK3   BANK4   BANK5
      Params:         0       0       0       0       0       0       0
      Locals:         1       0       0       0       0       0       0
      Temps:          0       0       0       0       0       0       0
      Totals:         1       0       0       0       0       0       0
Total ram usage:        1 bytes
 Hardware stack levels used:    1
 Hardware stack levels required when called:    1
 This function calls:
		_Write1USART
 This function is called by:
		_sendIntArray
		_sendCharArray
 This function uses a non-reentrant model


 *************** function _Write1USART *****************
 Defined at:
		line 14 in file "C:\Program Files (x86)\Microchip\xc8\v1.33\sources\pic18\plib\USART\u1write.c"
 Parameters:    Size  Location     Type
  data            1    wreg     unsigned char 
 Auto vars:     Size  Location     Type
  data            1    0[COMRAM] unsigned char 
 Return value:  Size  Location     Type
		None               void
 Registers used:
		wreg
 Tracked objects:
		On entry : 
		On exit  : 
		Unchanged: 
 Data sizes:     COMRAM   BANK0   BANK1   BANK2   BANK3   BANK4   BANK5
      Params:         0       0       0       0       0       0       0
      Locals:         1       0       0       0       0       0       0
      Temps:          0       0       0       0       0       0       0
      Totals:         1       0       0       0       0       0       0
Total ram usage:        1 bytes
 Hardware stack levels used:    1
 This function calls:
		Nothing
 This function is called by:
		_sendChar
 This function uses a non-reentrant model


 *************** function _fix_fft *****************
 Defined at:
		line 155 in file "fft.c"
 Parameters:    Size  Location     Type
  fr              2   12[COMRAM] PTR short 
		 -> real_numbers(128), 
  fi              2   14[COMRAM] PTR short 
		 -> imaginary_numbers(128), 
  m               2   16[COMRAM] short 
 Auto vars:     Size  Location     Type
  c               4   72[COMRAM] long 
  b               2   54[COMRAM] short 
  j               4   68[COMRAM] long 
  l               4   64[COMRAM] long 
  mr              4   60[COMRAM] long 
  i               4   56[COMRAM] long 
  n               4   46[COMRAM] long 
  istep           4   34[COMRAM] long 
  nn              4   30[COMRAM] long 
  k               4   26[COMRAM] long 
  ti              2   52[COMRAM] short 
  tr              2   50[COMRAM] short 
  wi              2   44[COMRAM] short 
  wr              2   42[COMRAM] short 
  qi              2   40[COMRAM] short 
  qr              2   38[COMRAM] short 
 Return value:  Size  Location     Type
		None               void
 Registers used:
		wreg, fsr1l, fsr1h, fsr2l, fsr2h, status,2, status,0, tblptrl, tblptrh, tblptru, cstack
 Tracked objects:
		On entry : 
		On exit  : 
		Unchanged: 
 Data sizes:     COMRAM   BANK0   BANK1   BANK2   BANK3   BANK4   BANK5
      Params:         6       0       0       0       0       0       0
      Locals:        50       0       0       0       0       0       0
      Temps:          8       0       0       0       0       0       0
      Totals:        64       0       0       0       0       0       0
Total ram usage:       64 bytes
 Hardware stack levels used:    1
 Hardware stack levels required when called:    1
 This function calls:
		___lmul
 This function is called by:
		_main
 This function uses a non-reentrant model


 *************** function ___lmul *****************
 Defined at:
		line 15 in file "C:\Program Files (x86)\Microchip\xc8\v1.33\sources\common\Umul32.c"
 Parameters:    Size  Location     Type
  multiplier      4    0[COMRAM] unsigned long 
  multiplicand    4    4[COMRAM] unsigned long 
 Auto vars:     Size  Location     Type
  product         4    8[COMRAM] unsigned long 
 Return value:  Size  Location     Type
                  4    0[COMRAM] unsigned long 
 Registers used:
		wreg, status,2, status,0
 Tracked objects:
		On entry : 
		On exit  : 
		Unchanged: 
 Data sizes:     COMRAM   BANK0   BANK1   BANK2   BANK3   BANK4   BANK5
      Params:         8       0       0       0       0       0       0
      Locals:         4       0       0       0       0       0       0
      Temps:          0       0       0       0       0       0       0
      Totals:        12       0       0       0       0       0       0
Total ram usage:       12 bytes
 Hardware stack levels used:    1
 This function calls:
		Nothing
 This function is called by:
		_fix_fft
 This function uses a non-reentrant model


 *************** function _ConvertADC *****************
 Defined at:
		line 22 in file "C:\Program Files (x86)\Microchip\xc8\v1.33\sources\pic18\plib\ADC\adcconv.c"
 Parameters:    Size  Location     Type
		None
 Auto vars:     Size  Location     Type
		None
 Return value:  Size  Location     Type
		None               void
 Registers used:
		None
 Tracked objects:
		On entry : 
		On exit  : 
		Unchanged: 
 Data sizes:     COMRAM   BANK0   BANK1   BANK2   BANK3   BANK4   BANK5
      Params:         0       0       0       0       0       0       0
      Locals:         0       0       0       0       0       0       0
      Temps:          0       0       0       0       0       0       0
      Totals:         0       0       0       0       0       0       0
Total ram usage:        0 bytes
 Hardware stack levels used:    1
 This function calls:
		Nothing
 This function is called by:
		_main
 This function uses a non-reentrant model


 *************** function _BusyADC *****************
 Defined at:
		line 26 in file "C:\Program Files (x86)\Microchip\xc8\v1.33\sources\pic18\plib\ADC\adcbusy.c"
 Parameters:    Size  Location     Type
		None
 Auto vars:     Size  Location     Type
		None
 Return value:  Size  Location     Type
                  1    wreg      unsigned char 
 Registers used:
		wreg
 Tracked objects:
		On entry : 
		On exit  : 
		Unchanged: 
 Data sizes:     COMRAM   BANK0   BANK1   BANK2   BANK3   BANK4   BANK5
      Params:         0       0       0       0       0       0       0
      Locals:         0       0       0       0       0       0       0
      Temps:          0       0       0       0       0       0       0
      Totals:         0       0       0       0       0       0       0
Total ram usage:        0 bytes
 Hardware stack levels used:    1
 This function calls:
		Nothing
 This function is called by:
		_main
 This function uses a non-reentrant model



MODULE INFORMATION

Module		Function		Class		Link	Load	Size
C:\Program Files (x86)\Microchip\xc8\v1.33\sources\pic18\d10tcyx.c
		_Delay10TCYx   		CODE           	578A	0000	16

C:\Program Files (x86)\Microchip\xc8\v1.33\sources\pic18\d10tcyx.c estimated size: 16

C:\Program Files (x86)\Microchip\xc8\v1.33\sources\common\doprnt.c
		_sprintf       		CODE           	5F22	0000	378

C:\Program Files (x86)\Microchip\xc8\v1.33\sources\common\doprnt.c estimated size: 378

C:\Program Files (x86)\Microchip\xc8\v1.33\sources\common\lwmod.c
		___lwmod       		CODE           	58CA	0000	66

C:\Program Files (x86)\Microchip\xc8\v1.33\sources\common\lwmod.c estimated size: 66

C:\Program Files (x86)\Microchip\xc8\v1.33\sources\common\Umul16.c
		___wmul        		CODE           	580A	0000	38

C:\Program Files (x86)\Microchip\xc8\v1.33\sources\common\Umul16.c estimated size: 38

C:\Program Files (x86)\Microchip\xc8\v1.33\sources\pic18\plib\ADC\adcbusy.c
		_BusyADC       		CODE           	5770	0000	12

C:\Program Files (x86)\Microchip\xc8\v1.33\sources\pic18\plib\ADC\adcbusy.c estimated size: 12

C:\Program Files (x86)\Microchip\xc8\v1.33\sources\pic18\plib\ADC\adcopen.c
		_OpenADC       		CODE           	5956	0000	78

C:\Program Files (x86)\Microchip\xc8\v1.33\sources\pic18\plib\ADC\adcopen.c estimated size: 78

C:\Program Files (x86)\Microchip\xc8\v1.33\sources\pic18\plib\USART\u1write.c
		_Write1USART   		CODE           	579A	0000	18

C:\Program Files (x86)\Microchip\xc8\v1.33\sources\pic18\plib\USART\u1write.c estimated size: 18

main pic18.c
		_sendIntArray  		CODE           	585E	0000	52
		_main          		CODE           	6828	0000	3734
		_writeGuess    		CODE           	59F6	0000	84
		_setup         		CODE           	5BD8	0000	144
		_sendChar      		CODE           	577C	0000	14

main pic18.c estimated size: 4028

lcd3310_SPI.c
		_LCDClear      		CODE           	5830	0000	46
		_LCDInit       		CODE           	5D0C	0000	186
		_LCDSend       		CODE           	57E4	0000	38
		_LCDStr        		CODE           	5892	0000	56
		_Initialize_SPI		CODE           	576A	0000	2
		_LCDChrXY      		CODE           	5DC6	0000	348
		_Delay         		CODE           	57AC	0000	26
		_LCDUpdate     		CODE           	5B4E	0000	138

lcd3310_SPI.c estimated size: 840

C:\Program Files (x86)\Microchip\xc8\v1.33\sources\pic18\plib\SPI\spi1open.c
		_OpenSPI1      		CODE           	5AA0	0000	86

C:\Program Files (x86)\Microchip\xc8\v1.33\sources\pic18\plib\SPI\spi1open.c estimated size: 86

C:\Program Files (x86)\Microchip\xc8\v1.33\sources\common\Umul32.c
		___lmul        		CODE           	5A4A	0000	86

C:\Program Files (x86)\Microchip\xc8\v1.33\sources\common\Umul32.c estimated size: 86

C:\Program Files (x86)\Microchip\xc8\v1.33\sources\pic18\plib\USART\u1open.c
		_Open1USART    		CODE           	5AF6	0000	88

C:\Program Files (x86)\Microchip\xc8\v1.33\sources\pic18\plib\USART\u1open.c estimated size: 88

C:\Program Files (x86)\Microchip\xc8\v1.33\sources\common\lwdiv.c
		___lwdiv       		CODE           	59A4	0000	82

C:\Program Files (x86)\Microchip\xc8\v1.33\sources\common\lwdiv.c estimated size: 82

C:\Program Files (x86)\Microchip\xc8\v1.33\sources\common\awdiv.c
		___awdiv       		CODE           	5C68	0000	164

C:\Program Files (x86)\Microchip\xc8\v1.33\sources\common\awdiv.c estimated size: 164

C:\Program Files (x86)\Microchip\xc8\v1.33\sources\pic18\plib\SPI\spi1writ.c
		_WriteSPI1     		CODE           	57C6	0000	30

C:\Program Files (x86)\Microchip\xc8\v1.33\sources\pic18\plib\SPI\spi1writ.c estimated size: 30

shared
		__stringdata   		MEDIUMCONST    	7FF5	0000	9
		_scream_prob_we		MEDIUMCONST    	7FAD	0000	62
		_dpowers       		MEDIUMCONST    	7FEB	0000	10
		__initializatio		CODE           	590C	0000	64
		_FontLookup    		MEDIUMCONST    	7CBF	0000	564
		_horn_prob_weig		MEDIUMCONST    	7F6F	0000	62
		_Sinewave      		MEDIUMCONST    	76BF	0000	1536
		_alarm_prob_wei		MEDIUMCONST    	7EF3	0000	62
		_growl_prob_wei		MEDIUMCONST    	7F31	0000	62

shared estimated size: 2431

fft.c
		_fix_fft       		CODE           	609C	0000	1932

fft.c estimated size: 1932

C:\Program Files (x86)\Microchip\xc8\v1.33\sources\pic18\plib\ADC\adcconv.c
		_ConvertADC    		CODE           	576C	0000	4

C:\Program Files (x86)\Microchip\xc8\v1.33\sources\pic18\plib\ADC\adcconv.c estimated size: 4

