Microchip MPLAB XC8 Compiler V1.33 ()

Linker command line:

--edf=/Applications/microchip/xc8/v1.33/dat/en_msgs.txt -cs \
  -h+dist/default/production/ADC-FFT-PIC18.X.production.sym \
  --cmf=dist/default/production/ADC-FFT-PIC18.X.production.cmf -z \
  -Q18F25K22 -o/tmp/cgt5ANgXc \
  -Mdist/default/production/ADC-FFT-PIC18.X.production.map -E1 -ver=XC8 \
  -ASTACK=0180h-05ffh -pstack=STACK -ACODE=00h-07FFFh -ACONST=00h-07FFFh \
  -ASMALLCONST=0600h-06FFhx122 -AMEDIUMCONST=0600h-07FFFh -ACOMRAM=01h-05Fh \
  -AABS1=00h-05FFh -ABIGRAM=01h-05FFh -ARAM=060h-0FFh,0100h-01FFhx5 \
  -ABANK0=060h-0FFh -ABANK1=0100h-01FFh -ABANK2=0200h-02FFh \
  -ABANK3=0300h-03FFh -ABANK4=0400h-04FFh -ABANK5=0500h-05FFh \
  -ASFR=0F38h-0F5Fh,0F60h-0FFFh \
  -preset_vec=00h,intcode,intcodelo,powerup,init,end_init -pramtop=0600h \
  -psmallconst=SMALLCONST -pmediumconst=MEDIUMCONST -pconst=CONST \
  -AFARRAM=00h-00h -ACONFIG=0300000h-030000Dh -pconfig=CONFIG \
  -AIDLOC=0200000h-0200007h -pidloc=IDLOC -AEEDATA=0F00000h-0F000FFh \
  -peeprom_data=EEDATA \
  -prdata=COMRAM,nvrram=COMRAM,nvbit=COMRAM,rbss=COMRAM,rbit=COMRAM \
  -pfarbss=FARRAM,fardata=FARRAM,nvFARRAM=FARRAM \
  -pintsave_regs=BIGRAM,bigbss=BIGRAM,bigdata=BIGRAM -pbss=RAM \
  -pidata=CODE,irdata=CODE,ibigdata=CODE,ifardata=CODE /tmp/cgtsG0kBX.obj \
  dist/default/production/ADC-FFT-PIC18.X.production.obj 

Object code version is 3.11

Machine type is 18F25K22

Call graph: (short form)




                Name                               Link     Load   Length Selector   Space Scale
/tmp/cgtsG0kBX.obj
                end_init                              0        0        4        0       0
                idloc                            200000   200000        8   200000       0
                config                           300000   300000        E   300000       0
dist/default/production/ADC-FFT-PIC18.X.production.obj
                mediumconst                        79FE     79FE      602     3CFF       0
                text8                              77C0     77C0        C     3BE0       0
                text7                              77B2     77B2        4     3BD9       0
                text6                              789C     789C       58     3C4E       0
                text5                              784E     784E       4E     3C27       0
                text4                              77B6     77B6        A     3BDB       0
                text3                              77DA     77DA       12     3BED       0
                text2                              77CC     77CC        E     3BE6       0
                text1                              781A     781A       34     3C0D       0
                text0                              78F4     78F4      10A     3C7A       0
                cstackCOMRAM                          1        1        C        1       1
                bssBANK1                            100      100       80      100       1
                bssBANK0                             60       60       80       60       1
                bssCOMRAM                             D        D        9        1       1
                cinit                              77EC     77EC       2E     3BF6       0
                nvCOMRAM                             16       16        4        1       1

TOTAL           Name                               Link     Load   Length     Space
        CLASS   STACK          

        CLASS   CODE           
                end_init                              0        0        4         0
                text8                              77C0     77C0        C         0
                text7                              77B2     77B2        4         0
                text6                              789C     789C       58         0
                text5                              784E     784E       4E         0
                text4                              77B6     77B6        A         0
                text3                              77DA     77DA       12         0
                text2                              77CC     77CC        E         0
                text1                              781A     781A       34         0
                text0                              78F4     78F4      10A         0
                cinit                              77EC     77EC       2E         0

        CLASS   CONST          

        CLASS   SMALLCONST     

        CLASS   MEDIUMCONST    
                mediumconst                        79FE     79FE      602         0

        CLASS   COMRAM         
                cstackCOMRAM                          1        1        C         1
                bssCOMRAM                             D        D        9         1
                nvCOMRAM                             16       16        4         1

        CLASS   ABS1           

        CLASS   BIGRAM         

        CLASS   RAM            

        CLASS   BANK0          
                bssBANK0                             60       60       80         1

        CLASS   BANK1          
                bssBANK1                            100      100       80         1

        CLASS   BANK2          

        CLASS   BANK3          

        CLASS   BANK4          

        CLASS   BANK5          

        CLASS   SFR            

        CLASS   FARRAM         

        CLASS   CONFIG         
                config                           300000   300000        E         0

        CLASS   IDLOC          
                idloc                            200000   200000        8         0

        CLASS   EEDATA         



SEGMENTS        Name                           Load    Length   Top    Selector   Space  Class

                reset_vec                      000000  000004  000004         0       0  CODE    
                cstackCOMRAM                   000001  000019  00001A         1       1  COMRAM  
                bssBANK0                       000060  000080  0000E0        60       1  BANK0   
                bssBANK1                       000100  000080  000180       100       1  BANK1   
                text7                          0077B2  000004  0077B6      3BD9       0  CODE    
                text4                          0077B6  00000A  0077C0      3BDB       0  CODE    
                text8                          0077C0  00000C  0077CC      3BE0       0  CODE    
                text2                          0077CC  00000E  0077DA      3BE6       0  CODE    
                text3                          0077DA  000012  0077EC      3BED       0  CODE    
                cinit                          0077EC  00002E  00781A      3BF6       0  CODE    
                text1                          00781A  000034  00784E      3C0D       0  CODE    
                text5                          00784E  00004E  00789C      3C27       0  CODE    
                text6                          00789C  000058  0078F4      3C4E       0  CODE    
                text0                          0078F4  00010A  0079FE      3C7A       0  CODE    
                mediumconst                    0079FE  000602  008000      3CFF       0  MEDIUMCO
                idloc                          200000  000008  200008    200000       0  IDLOC   
                config                         300000  00000E  30000E    300000       0  CONFIG  


UNUSED ADDRESS RANGES

        Name                Unused          Largest block    Delta
        BANK0            0000E0-0000FF               20
        BANK1            000180-0001FF               80
        BANK2            000200-0002FF              100
        BANK3            000300-0003FF              100
        BANK4            000400-0004FF              100
        BANK5            000500-0005FF              100
        BIGRAM           00001A-00005F               46
                         0000E0-0000FF               20
                         000180-0005FF              480
        CODE             000004-0077B1             77AE
        COMRAM           00001A-00005F               46
        CONST            000004-0077B1             77AE
        EEDATA           F00000-F000FF              100
        MEDIUMCONST      000600-0077B1             71B2
        RAM              0000E0-0000FF               20
                         000180-0005FF              100
        SFR              000F38-000FFF               28
        SMALLCONST       000600-0077B1              100
        STACK            000180-0005FF              480

                                  Symbol Table

?_ReadADC                cstackCOMRAM 000001
Open1USART@config        cstackCOMRAM 000006
Open1USART@spbrg         cstackCOMRAM 000001
OpenADC@config           cstackCOMRAM 000005
OpenADC@config2          cstackCOMRAM 000001
OpenADC@config3          cstackCOMRAM 000002
Write1USART@data         cstackCOMRAM 000001
_ADCON0                  (abs)        000FC2
_ADCON0bits              (abs)        000FC2
_ADCON1                  (abs)        000FC1
_ADCON2                  (abs)        000FC0
_ADRESH                  (abs)        000FC4
_ADRESL                  (abs)        000FC3
_ANSELC                  (abs)        000F3A
_BusyADC                 text8        0077C0
_ConvertADC              text7        0077B2
_INTCONbits              (abs)        000FF2
_LATC                    (abs)        000F8B
_OSCCONbits              (abs)        000FD3
_OSCTUNEbits             (abs)        000F9B
_Open1USART              text6        00789C
_OpenADC                 text5        00784E
_PIE1                    (abs)        000F9D
_PIE1bits                (abs)        000F9D
_PIR1bits                (abs)        000F9E
_RCSTA1                  (abs)        000FAB
_RCSTA1bits              (abs)        000FAB
_ReadADC                 text4        0077B6
_SPBRG1                  (abs)        000FAF
_SPBRGH1                 (abs)        000FB0
_Sinewave                mediumconst  0079FF
_TRISAbits               (abs)        000F92
_TRISC                   (abs)        000F94
_TRISCbits               (abs)        000F94
_TXREG1                  (abs)        000FAD
_TXSTA1                  (abs)        000FAC
_TXSTA1bits              (abs)        000FAC
_USART1_Status           bssCOMRAM    000014
_Write1USART             text3        0077DA
__CFG_FOSC$INTIO7        (abs)        000000
__CFG_LVP$OFF            (abs)        000000
__CFG_PBADEN$ON          (abs)        000000
__CFG_PLLCFG$OFF         (abs)        000000
__CFG_PRICLKEN$OFF       (abs)        000000
__CFG_WDTEN$OFF          (abs)        000000
__HRAM                   (abs)        000000
__Habs1                  abs1         000000
__Hbank0                 bank0        000000
__Hbank1                 bank1        000000
__Hbank2                 bank2        000000
__Hbank3                 bank3        000000
__Hbank4                 bank4        000000
__Hbank5                 bank5        000000
__Hbigbss                bigbss       000000
__Hbigdata               bigdata      000000
__Hbigram                bigram       000000
__Hbss                   bss          000000
__HbssBANK0              bssBANK0     000000
__HbssBANK1              bssBANK1     000000
__HbssCOMRAM             bssCOMRAM    000000
__Hcinit                 cinit        000000
__Hclrtext               clrtext      000000
__Hcomram                comram       000000
__Hconfig                config       30000E
__Hconst                 const        000000
__HcstackCOMRAM          cstackCOMRAM 000000
__Hdata                  data         000000
__Heeprom_data           eeprom_data  000000
__Hend_init              end_init     000004
__Hfarbss                farbss       000000
__Hfardata               fardata      000000
__Hibigdata              ibigdata     000000
__Hidata                 idata        000000
__Hidloc                 idloc        200008
__Hifardata              ifardata     000000
__Hinit                  init         000000
__Hintcode               intcode      000000
__Hintcode_body          intcode_body 000000
__Hintcodelo             intcodelo    000000
__Hintentry              intentry     000000
__Hintret                intret       000000
__Hintsave_regs          intsave_regs 000000
__Hirdata                irdata       000000
__Hmediumconst           mediumconst  008000
__HnvCOMRAM              nvCOMRAM     000000
__HnvFARRAM              nvFARRAM     000000
__Hnvbit                 nvbit        000000
__Hnvrram                nvrram       000000
__Hparam                 rparam       000000
__Hpowerup               powerup      000000
__Hram                   ram          000000
__Hramtop                ramtop       000600
__Hrbit                  rbit         000000
__Hrbss                  rbss         000000
__Hrdata                 rdata        000000
__Hreset_vec             reset_vec    000000
__Hrparam                rparam       000000
__Hsfr                   sfr          000000
__Hsmallconst            smallconst   000000
__Hspace_0               (abs)        30000E
__Hspace_1               (abs)        000180
__Hspace_2               (abs)        000000
__Hstack                 stack        000000
__Hstruct                struct       000000
__Htemp                  temp         000000
__Htext                  text         000000
__Htext0                 text0        000000
__Htext1                 text1        000000
__Htext2                 text2        000000
__Htext3                 text3        000000
__Htext4                 text4        000000
__Htext5                 text5        000000
__Htext6                 text6        000000
__Htext7                 text7        000000
__Htext8                 text8        000000
__LRAM                   (abs)        000001
__Labs1                  abs1         000000
__Lbank0                 bank0        000000
__Lbank1                 bank1        000000
__Lbank2                 bank2        000000
__Lbank3                 bank3        000000
__Lbank4                 bank4        000000
__Lbank5                 bank5        000000
__Lbigbss                bigbss       000000
__Lbigdata               bigdata      000000
__Lbigram                bigram       000000
__Lbss                   bss          000000
__LbssBANK0              bssBANK0     000000
__LbssBANK1              bssBANK1     000000
__LbssCOMRAM             bssCOMRAM    000000
__Lcinit                 cinit        000000
__Lclrtext               clrtext      000000
__Lcomram                comram       000000
__Lconfig                config       300000
__Lconst                 const        000000
__LcstackCOMRAM          cstackCOMRAM 000000
__Ldata                  data         000000
__Leeprom_data           eeprom_data  000000
__Lend_init              end_init     000000
__Lfarbss                farbss       000000
__Lfardata               fardata      000000
__Libigdata              ibigdata     000000
__Lidata                 idata        000000
__Lidloc                 idloc        200000
__Lifardata              ifardata     000000
__Linit                  init         000000
__Lintcode               intcode      000000
__Lintcode_body          intcode_body 000000
__Lintcodelo             intcodelo    000000
__Lintentry              intentry     000000
__Lintret                intret       000000
__Lintsave_regs          intsave_regs 000000
__Lirdata                irdata       000000
__Lmediumconst           mediumconst  0079FE
__LnvCOMRAM              nvCOMRAM     000000
__LnvFARRAM              nvFARRAM     000000
__Lnvbit                 nvbit        000000
__Lnvrram                nvrram       000000
__Lparam                 rparam       000000
__Lpowerup               powerup      000000
__Lram                   ram          000000
__Lramtop                ramtop       000600
__Lrbit                  rbit         000000
__Lrbss                  rbss         000000
__Lrdata                 rdata        000000
__Lreset_vec             reset_vec    000000
__Lrparam                rparam       000000
__Lsfr                   sfr          000000
__Lsmallconst            smallconst   000000
__Lspace_0               (abs)        000000
__Lspace_1               (abs)        000000
__Lspace_2               (abs)        000000
__Lstack                 stack        000000
__Lstruct                struct       000000
__Ltemp                  temp         000000
__Ltext                  text         000000
__Ltext0                 text0        000000
__Ltext1                 text1        000000
__Ltext2                 text2        000000
__Ltext3                 text3        000000
__Ltext4                 text4        000000
__Ltext5                 text5        000000
__Ltext6                 text6        000000
__Ltext7                 text7        000000
__Ltext8                 text8        000000
__S0                     (abs)        30000E
__S1                     (abs)        000180
__S2                     (abs)        000000
___inthi_sp              stack        000000
___intlo_sp              stack        000000
___sp                    stack        000000
__accesstop              (abs)        000060
__activetblptr           (abs)        000002
__end_of_BusyADC         text8        0077CC
__end_of_ConvertADC      text7        0077B6
__end_of_Open1USART      text6        0078F4
__end_of_OpenADC         text5        00789C
__end_of_ReadADC         text4        0077C0
__end_of_Sinewave        mediumconst  007FFF
__end_of_Write1USART     text3        0077EC
__end_of__initialization cinit        007810
__end_of_main            text0        0079FE
__end_of_sendChar        text2        0077DA
__end_of_sendIntArray    text1        00784E
__initialization         cinit        0077EC
__mediumconst            mediumconst  0079FE
__pbssBANK0              bssBANK0     000060
__pbssBANK1              bssBANK1     000100
__pbssCOMRAM             bssCOMRAM    00000D
__pcinit                 cinit        0077EC
__pcstackCOMRAM          cstackCOMRAM 000001
__pmediumconst           mediumconst  0079FE
__pnvCOMRAM              nvCOMRAM     000016
__ptext0                 text0        0078F4
__ptext1                 text1        00781A
__ptext2                 text2        0077CC
__ptext3                 text3        0077DA
__ptext4                 text4        0077B6
__ptext5                 text5        00784E
__ptext6                 text6        00789C
__ptext7                 text7        0077B2
__ptext8                 text8        0077C0
__ramtop                 ramtop       000600
__size_of_BusyADC        (abs)        000000
__size_of_ConvertADC     (abs)        000000
__size_of_Open1USART     (abs)        000000
__size_of_OpenADC        (abs)        000000
__size_of_ReadADC        (abs)        000000
__size_of_Write1USART    (abs)        000000
__size_of_main           (abs)        000000
__size_of_sendChar       (abs)        000000
__size_of_sendIntArray   (abs)        000000
__smallconst             smallconst   000000
_baud_rate               nvCOMRAM     000016
_data                    bssCOMRAM    00000D
_i                       bssCOMRAM    000012
_imaginaryNumbers        bssBANK1     000100
_input                   bssCOMRAM    000015
_main                    text0        0078F4
_realNumbers             bssBANK0     000060
_sendChar                text2        0077CC
_sendIntArray            text1        00781A
end_of_initialization    cinit        007810
intlevel0                text         000000
intlevel1                text         000000
intlevel2                text         000000
intlevel3                text         000000
main@adc_value           cstackCOMRAM 000009
main@i                   cstackCOMRAM 00000B
sendChar@character       cstackCOMRAM 000002
sendIntArray@array       cstackCOMRAM 000003
sendIntArray@size        cstackCOMRAM 000005
stackhi                  (abs)        0005FF
stacklo                  (abs)        000180
start                    init         000000
start_initialization     cinit        0077EC


FUNCTION INFORMATION:

 *************** function _main *****************
 Defined at:
		line 37 in file "main pic18.c"
 Parameters:    Size  Location     Type
		None
 Auto vars:     Size  Location     Type
  i               2   10[COMRAM] short 
  adc_value       2    8[COMRAM] unsigned int 
 Return value:  Size  Location     Type
		None               void
 Registers used:
		wreg, fsr2l, fsr2h, status,2, status,0, cstack
 Tracked objects:
		On entry : 
		On exit  : 
		Unchanged: 
 Data sizes:     COMRAM   BANK0   BANK1   BANK2   BANK3   BANK4   BANK5
      Params:         0       0       0       0       0       0       0
      Locals:         4       0       0       0       0       0       0
      Temps:          2       0       0       0       0       0       0
      Totals:         6       0       0       0       0       0       0
Total ram usage:        6 bytes
 Hardware stack levels required when called:    3
 This function calls:
		_BusyADC
		_ConvertADC
		_Open1USART
		_OpenADC
		_ReadADC
		_sendIntArray
 This function is called by:
		Startup code after reset
 This function uses a non-reentrant model


 *************** function _sendIntArray *****************
 Defined at:
		line 141 in file "main pic18.c"
 Parameters:    Size  Location     Type
  array           2    2[COMRAM] PTR short 
		 -> realNumbers(128), 
  size            2    4[COMRAM] unsigned int 
 Auto vars:     Size  Location     Type
		None
 Return value:  Size  Location     Type
		None               void
 Registers used:
		wreg, fsr2l, fsr2h, status,2, status,0, cstack
 Tracked objects:
		On entry : 
		On exit  : 
		Unchanged: 
 Data sizes:     COMRAM   BANK0   BANK1   BANK2   BANK3   BANK4   BANK5
      Params:         4       0       0       0       0       0       0
      Locals:         0       0       0       0       0       0       0
      Temps:          0       0       0       0       0       0       0
      Totals:         4       0       0       0       0       0       0
Total ram usage:        4 bytes
 Hardware stack levels used:    1
 Hardware stack levels required when called:    2
 This function calls:
		_sendChar
 This function is called by:
		_main
 This function uses a non-reentrant model


 *************** function _sendChar *****************
 Defined at:
		line 136 in file "main pic18.c"
 Parameters:    Size  Location     Type
  character       1    wreg     unsigned char 
 Auto vars:     Size  Location     Type
  character       1    1[COMRAM] unsigned char 
 Return value:  Size  Location     Type
		None               void
 Registers used:
		wreg, status,2, cstack
 Tracked objects:
		On entry : 
		On exit  : 
		Unchanged: 
 Data sizes:     COMRAM   BANK0   BANK1   BANK2   BANK3   BANK4   BANK5
      Params:         0       0       0       0       0       0       0
      Locals:         1       0       0       0       0       0       0
      Temps:          0       0       0       0       0       0       0
      Totals:         1       0       0       0       0       0       0
Total ram usage:        1 bytes
 Hardware stack levels used:    1
 Hardware stack levels required when called:    1
 This function calls:
		_Write1USART
 This function is called by:
		_sendIntArray
		_sendCharArray
 This function uses a non-reentrant model


 *************** function _Write1USART *****************
 Defined at:
		line 14 in file "/Applications/microchip/xc8/v1.33/sources/pic18/plib/USART/u1write.c"
 Parameters:    Size  Location     Type
  data            1    wreg     unsigned char 
 Auto vars:     Size  Location     Type
  data            1    0[COMRAM] unsigned char 
 Return value:  Size  Location     Type
		None               void
 Registers used:
		wreg
 Tracked objects:
		On entry : 
		On exit  : 
		Unchanged: 
 Data sizes:     COMRAM   BANK0   BANK1   BANK2   BANK3   BANK4   BANK5
      Params:         0       0       0       0       0       0       0
      Locals:         1       0       0       0       0       0       0
      Temps:          0       0       0       0       0       0       0
      Totals:         1       0       0       0       0       0       0
Total ram usage:        1 bytes
 Hardware stack levels used:    1
 This function calls:
		Nothing
 This function is called by:
		_sendChar
 This function uses a non-reentrant model


 *************** function _ReadADC *****************
 Defined at:
		line 24 in file "/Applications/microchip/xc8/v1.33/sources/pic18/plib/ADC/adcread.c"
 Parameters:    Size  Location     Type
		None
 Auto vars:     Size  Location     Type
		None
 Return value:  Size  Location     Type
                  2    0[COMRAM] int 
 Registers used:
		wreg, status,2
 Tracked objects:
		On entry : 
		On exit  : 
		Unchanged: 
 Data sizes:     COMRAM   BANK0   BANK1   BANK2   BANK3   BANK4   BANK5
      Params:         2       0       0       0       0       0       0
      Locals:         0       0       0       0       0       0       0
      Temps:          0       0       0       0       0       0       0
      Totals:         2       0       0       0       0       0       0
Total ram usage:        2 bytes
 Hardware stack levels used:    1
 This function calls:
		Nothing
 This function is called by:
		_main
 This function uses a non-reentrant model


 *************** function _OpenADC *****************
 Defined at:
		line 305 in file "/Applications/microchip/xc8/v1.33/sources/pic18/plib/ADC/adcopen.c"
 Parameters:    Size  Location     Type
  config          1    wreg     unsigned char 
  config2         1    0[COMRAM] unsigned char 
  config3         1    1[COMRAM] unsigned char 
 Auto vars:     Size  Location     Type
  config          1    4[COMRAM] unsigned char 
 Return value:  Size  Location     Type
		None               void
 Registers used:
		wreg, status,2, status,0
 Tracked objects:
		On entry : 
		On exit  : 
		Unchanged: 
 Data sizes:     COMRAM   BANK0   BANK1   BANK2   BANK3   BANK4   BANK5
      Params:         2       0       0       0       0       0       0
      Locals:         1       0       0       0       0       0       0
      Temps:          2       0       0       0       0       0       0
      Totals:         5       0       0       0       0       0       0
Total ram usage:        5 bytes
 Hardware stack levels used:    1
 This function calls:
		Nothing
 This function is called by:
		_main
 This function uses a non-reentrant model


 *************** function _Open1USART *****************
 Defined at:
		line 124 in file "/Applications/microchip/xc8/v1.33/sources/pic18/plib/USART/u1open.c"
 Parameters:    Size  Location     Type
  config          1    wreg     unsigned char 
  spbrg           2    0[COMRAM] unsigned int 
 Auto vars:     Size  Location     Type
  config          1    5[COMRAM] unsigned char 
 Return value:  Size  Location     Type
		None               void
 Registers used:
		wreg, status,2
 Tracked objects:
		On entry : 
		On exit  : 
		Unchanged: 
 Data sizes:     COMRAM   BANK0   BANK1   BANK2   BANK3   BANK4   BANK5
      Params:         2       0       0       0       0       0       0
      Locals:         1       0       0       0       0       0       0
      Temps:          3       0       0       0       0       0       0
      Totals:         6       0       0       0       0       0       0
Total ram usage:        6 bytes
 Hardware stack levels used:    1
 This function calls:
		Nothing
 This function is called by:
		_main
 This function uses a non-reentrant model


 *************** function _ConvertADC *****************
 Defined at:
		line 22 in file "/Applications/microchip/xc8/v1.33/sources/pic18/plib/ADC/adcconv.c"
 Parameters:    Size  Location     Type
		None
 Auto vars:     Size  Location     Type
		None
 Return value:  Size  Location     Type
		None               void
 Registers used:
		None
 Tracked objects:
		On entry : 
		On exit  : 
		Unchanged: 
 Data sizes:     COMRAM   BANK0   BANK1   BANK2   BANK3   BANK4   BANK5
      Params:         0       0       0       0       0       0       0
      Locals:         0       0       0       0       0       0       0
      Temps:          0       0       0       0       0       0       0
      Totals:         0       0       0       0       0       0       0
Total ram usage:        0 bytes
 Hardware stack levels used:    1
 This function calls:
		Nothing
 This function is called by:
		_main
 This function uses a non-reentrant model


 *************** function _BusyADC *****************
 Defined at:
		line 26 in file "/Applications/microchip/xc8/v1.33/sources/pic18/plib/ADC/adcbusy.c"
 Parameters:    Size  Location     Type
		None
 Auto vars:     Size  Location     Type
		None
 Return value:  Size  Location     Type
                  1    wreg      unsigned char 
 Registers used:
		wreg
 Tracked objects:
		On entry : 
		On exit  : 
		Unchanged: 
 Data sizes:     COMRAM   BANK0   BANK1   BANK2   BANK3   BANK4   BANK5
      Params:         0       0       0       0       0       0       0
      Locals:         0       0       0       0       0       0       0
      Temps:          0       0       0       0       0       0       0
      Totals:         0       0       0       0       0       0       0
Total ram usage:        0 bytes
 Hardware stack levels used:    1
 This function calls:
		Nothing
 This function is called by:
		_main
 This function uses a non-reentrant model



MODULE INFORMATION

Module		Function		Class		Link	Load	Size
/Applications/microchip/xc8/v1.33/sources/pic18/plib/USART/u1open.c
		_Open1USART    		CODE           	789C	0000	88

/Applications/microchip/xc8/v1.33/sources/pic18/plib/USART/u1open.c estimated size: 88

/Applications/microchip/xc8/v1.33/sources/pic18/plib/ADC/adcbusy.c
		_BusyADC       		CODE           	77C0	0000	12

/Applications/microchip/xc8/v1.33/sources/pic18/plib/ADC/adcbusy.c estimated size: 12

/Applications/microchip/xc8/v1.33/sources/pic18/plib/ADC/adcread.c
		_ReadADC       		CODE           	77B6	0000	10

/Applications/microchip/xc8/v1.33/sources/pic18/plib/ADC/adcread.c estimated size: 10

main pic18.c
		_sendIntArray  		CODE           	781A	0000	52
		_main          		CODE           	78F4	0000	266
		_sendChar      		CODE           	77CC	0000	14

main pic18.c estimated size: 332

/Applications/microchip/xc8/v1.33/sources/pic18/plib/ADC/adcconv.c
		_ConvertADC    		CODE           	77B2	0000	4

/Applications/microchip/xc8/v1.33/sources/pic18/plib/ADC/adcconv.c estimated size: 4

shared
		__initializatio		CODE           	77EC	0000	36
		_Sinewave      		MEDIUMCONST    	79FF	0000	1536

shared estimated size: 1572

/Applications/microchip/xc8/v1.33/sources/pic18/plib/USART/u1write.c
		_Write1USART   		CODE           	77DA	0000	18

/Applications/microchip/xc8/v1.33/sources/pic18/plib/USART/u1write.c estimated size: 18

/Applications/microchip/xc8/v1.33/sources/pic18/plib/ADC/adcopen.c
		_OpenADC       		CODE           	784E	0000	78

/Applications/microchip/xc8/v1.33/sources/pic18/plib/ADC/adcopen.c estimated size: 78

