Microchip MPLAB XC8 Compiler V1.33 ()

Linker command line:

--edf=/Applications/microchip/xc8/v1.33/dat/en_msgs.txt -cs \
  -h+dist/default/production/ADC-FFT-PIC18.X.production.sym \
  --cmf=dist/default/production/ADC-FFT-PIC18.X.production.cmf -z \
  -Q18F25K22 -o/tmp/cgtUlZiNY \
  -Mdist/default/production/ADC-FFT-PIC18.X.production.map -E1 -ver=XC8 \
  -ASTACK=0180h-05ffh -pstack=STACK -ACODE=00h-07FFFh -ACONST=00h-07FFFh \
  -ASMALLCONST=0600h-06FFhx122 -AMEDIUMCONST=0600h-07FFFh -ACOMRAM=01h-05Fh \
  -AABS1=00h-05FFh -ABIGRAM=01h-05FFh -ARAM=060h-0FFh,0100h-01FFhx5 \
  -ABANK0=060h-0FFh -ABANK1=0100h-01FFh -ABANK2=0200h-02FFh \
  -ABANK3=0300h-03FFh -ABANK4=0400h-04FFh -ABANK5=0500h-05FFh \
  -ASFR=0F38h-0F5Fh,0F60h-0FFFh \
  -preset_vec=00h,intcode,intcodelo,powerup,init,end_init -pramtop=0600h \
  -psmallconst=SMALLCONST -pmediumconst=MEDIUMCONST -pconst=CONST \
  -AFARRAM=00h-00h -ACONFIG=0300000h-030000Dh -pconfig=CONFIG \
  -AIDLOC=0200000h-0200007h -pidloc=IDLOC -AEEDATA=0F00000h-0F000FFh \
  -peeprom_data=EEDATA \
  -prdata=COMRAM,nvrram=COMRAM,nvbit=COMRAM,rbss=COMRAM,rbit=COMRAM \
  -pfarbss=FARRAM,fardata=FARRAM,nvFARRAM=FARRAM \
  -pintsave_regs=BIGRAM,bigbss=BIGRAM,bigdata=BIGRAM -pbss=RAM \
  -pidata=CODE,irdata=CODE,ibigdata=CODE,ifardata=CODE /tmp/cgtVK5XK5.obj \
  dist/default/production/ADC-FFT-PIC18.X.production.obj 

Object code version is 3.11

Machine type is 18F25K22

Call graph: (short form)




                Name                               Link     Load   Length Selector   Space Scale
/tmp/cgtVK5XK5.obj
                end_init                              0        0        4        0       0
                idloc                            200000   200000        8   200000       0
                config                           300000   300000        E   300000       0
dist/default/production/ADC-FFT-PIC18.X.production.obj
                mediumconst                        79FE     79FE      602     3CFF       0
                text10                             6BC6     6BC6        C     35E3       0
                text9                              6BC2     6BC2        4     35E1       0
                text8                              6D1A     6D1A       58     368D       0
                text7                              6C76     6C76       4E     363B       0
                text6                              6BF2     6BF2       26     35F9       0
                text5                              6CC4     6CC4       56     3662       0
                text4                              7272     7272      78C     3939       0
                text3                              6BE0     6BE0       12     35F0       0
                text2                              6BD2     6BD2        E     35E9       0
                text1                              6C42     6C42       34     3621       0
                text0                              6D72     6D72      500     36B9       0
                cstackCOMRAM                          1        1       59        1       1
                cstackBANK0                          E5       E5        E       60       1
                bssBANK1                            100      100       80      100       1
                bssBANK0                             60       60       85       60       1
                bssCOMRAM                            5A       5A        4        1       1
                cinit                              6C18     6C18       2A     360C       0
                nvBANK0                              F3       F3        4       60       1

TOTAL           Name                               Link     Load   Length     Space
        CLASS   STACK          

        CLASS   CODE           
                end_init                              0        0        4         0
                text10                             6BC6     6BC6        C         0
                text9                              6BC2     6BC2        4         0
                text8                              6D1A     6D1A       58         0
                text7                              6C76     6C76       4E         0
                text6                              6BF2     6BF2       26         0
                text5                              6CC4     6CC4       56         0
                text4                              7272     7272      78C         0
                text3                              6BE0     6BE0       12         0
                text2                              6BD2     6BD2        E         0
                text1                              6C42     6C42       34         0
                text0                              6D72     6D72      500         0
                cinit                              6C18     6C18       2A         0

        CLASS   CONST          

        CLASS   SMALLCONST     

        CLASS   MEDIUMCONST    
                mediumconst                        79FE     79FE      602         0

        CLASS   COMRAM         
                cstackCOMRAM                          1        1       59         1
                bssCOMRAM                            5A       5A        4         1

        CLASS   ABS1           

        CLASS   BIGRAM         

        CLASS   RAM            

        CLASS   BANK0          
                cstackBANK0                          E5       E5        E         1
                bssBANK0                             60       60       85         1
                nvBANK0                              F3       F3        4         1

        CLASS   BANK1          
                bssBANK1                            100      100       80         1

        CLASS   BANK2          

        CLASS   BANK3          

        CLASS   BANK4          

        CLASS   BANK5          

        CLASS   SFR            

        CLASS   FARRAM         

        CLASS   CONFIG         
                config                           300000   300000        E         0

        CLASS   IDLOC          
                idloc                            200000   200000        8         0

        CLASS   EEDATA         



SEGMENTS        Name                           Load    Length   Top    Selector   Space  Class

                reset_vec                      000000  000004  000004         0       0  CODE    
                cstackCOMRAM                   000001  00005D  00005E         1       1  COMRAM  
                bssBANK0                       000060  000097  0000F7        60       1  BANK0   
                bssBANK1                       000100  000080  000180       100       1  BANK1   
                text9                          006BC2  000004  006BC6      35E1       0  CODE    
                text10                         006BC6  00000C  006BD2      35E3       0  CODE    
                text2                          006BD2  00000E  006BE0      35E9       0  CODE    
                text3                          006BE0  000012  006BF2      35F0       0  CODE    
                text6                          006BF2  000026  006C18      35F9       0  CODE    
                cinit                          006C18  00002A  006C42      360C       0  CODE    
                text1                          006C42  000034  006C76      3621       0  CODE    
                text7                          006C76  00004E  006CC4      363B       0  CODE    
                text5                          006CC4  000056  006D1A      3662       0  CODE    
                text8                          006D1A  000058  006D72      368D       0  CODE    
                text0                          006D72  000500  007272      36B9       0  CODE    
                text4                          007272  00078C  0079FE      3939       0  CODE    
                mediumconst                    0079FE  000602  008000      3CFF       0  MEDIUMCO
                idloc                          200000  000008  200008    200000       0  IDLOC   
                config                         300000  00000E  30000E    300000       0  CONFIG  


UNUSED ADDRESS RANGES

        Name                Unused          Largest block    Delta
        BANK0            0000F7-0000FF                9
        BANK1            000180-0001FF               80
        BANK2            000200-0002FF              100
        BANK3            000300-0003FF              100
        BANK4            000400-0004FF              100
        BANK5            000500-0005FF              100
        BIGRAM           00005E-00005F                2
                         0000F7-0000FF                9
                         000180-0005FF              480
        CODE             000004-006BC1             6BBE
        COMRAM           00005E-00005F                2
        CONST            000004-006BC1             6BBE
        EEDATA           F00000-F000FF              100
        MEDIUMCONST      000600-006BC1             65C2
        RAM              0000F7-0000FF                9
                         000180-0005FF              100
        SFR              000F38-000FFF               28
        SMALLCONST       000600-006BC1              100
        STACK            000180-0005FF              480

                                  Symbol Table

?___lmul                 cstackCOMRAM 000001
?___wmul                 cstackCOMRAM 000001
Open1USART@config        cstackCOMRAM 000006
Open1USART@spbrg         cstackCOMRAM 000001
OpenADC@config           cstackCOMRAM 000005
OpenADC@config2          cstackCOMRAM 000001
OpenADC@config3          cstackCOMRAM 000002
Write1USART@data         cstackCOMRAM 000001
_ADCON0                  (abs)        000FC2
_ADCON0bits              (abs)        000FC2
_ADCON1                  (abs)        000FC1
_ADCON2                  (abs)        000FC0
_ADRESH                  (abs)        000FC4
_ADRESL                  (abs)        000FC3
_ANSELAbits              (abs)        000F38
_ANSELC                  (abs)        000F3A
_BusyADC                 text10       006BC6
_ConvertADC              text9        006BC2
_INTCONbits              (abs)        000FF2
_LATC                    (abs)        000F8B
_OSCCONbits              (abs)        000FD3
_OSCTUNEbits             (abs)        000F9B
_Open1USART              text8        006D1A
_OpenADC                 text7        006C76
_PIE1                    (abs)        000F9D
_PIE1bits                (abs)        000F9D
_PIR1bits                (abs)        000F9E
_RCSTA1                  (abs)        000FAB
_RCSTA1bits              (abs)        000FAB
_SPBRG1                  (abs)        000FAF
_SPBRGH1                 (abs)        000FB0
_Sinewave                mediumconst  0079FF
_TRISAbits               (abs)        000F92
_TRISC                   (abs)        000F94
_TRISCbits               (abs)        000F94
_TXREG1                  (abs)        000FAD
_TXSTA1                  (abs)        000FAC
_TXSTA1bits              (abs)        000FAC
_USART1_Status           bssCOMRAM    00005C
_Write1USART             text3        006BE0
__CFG_FOSC$INTIO7        (abs)        000000
__CFG_LVP$OFF            (abs)        000000
__CFG_PBADEN$ON          (abs)        000000
__CFG_PLLCFG$OFF         (abs)        000000
__CFG_PRICLKEN$OFF       (abs)        000000
__CFG_WDTEN$OFF          (abs)        000000
__HRAM                   (abs)        000000
__Habs1                  abs1         000000
__Hbank0                 bank0        000000
__Hbank1                 bank1        000000
__Hbank2                 bank2        000000
__Hbank3                 bank3        000000
__Hbank4                 bank4        000000
__Hbank5                 bank5        000000
__Hbigbss                bigbss       000000
__Hbigdata               bigdata      000000
__Hbigram                bigram       000000
__Hbss                   bss          000000
__HbssBANK0              bssBANK0     000000
__HbssBANK1              bssBANK1     000000
__HbssCOMRAM             bssCOMRAM    000000
__Hcinit                 cinit        000000
__Hclrtext               clrtext      000000
__Hcomram                comram       000000
__Hconfig                config       30000E
__Hconst                 const        000000
__HcstackBANK0           cstackBANK0  000000
__HcstackCOMRAM          cstackCOMRAM 000000
__Hdata                  data         000000
__Heeprom_data           eeprom_data  000000
__Hend_init              end_init     000004
__Hfarbss                farbss       000000
__Hfardata               fardata      000000
__Hibigdata              ibigdata     000000
__Hidata                 idata        000000
__Hidloc                 idloc        200008
__Hifardata              ifardata     000000
__Hinit                  init         000000
__Hintcode               intcode      000000
__Hintcode_body          intcode_body 000000
__Hintcodelo             intcodelo    000000
__Hintentry              intentry     000000
__Hintret                intret       000000
__Hintsave_regs          intsave_regs 000000
__Hirdata                irdata       000000
__Hmediumconst           mediumconst  008000
__HnvBANK0               nvBANK0      000000
__HnvFARRAM              nvFARRAM     000000
__Hnvbit                 nvbit        000000
__Hnvrram                nvrram       000000
__Hparam                 rparam       000000
__Hpowerup               powerup      000000
__Hram                   ram          000000
__Hramtop                ramtop       000600
__Hrbit                  rbit         000000
__Hrbss                  rbss         000000
__Hrdata                 rdata        000000
__Hreset_vec             reset_vec    000000
__Hrparam                rparam       000000
__Hsfr                   sfr          000000
__Hsmallconst            smallconst   000000
__Hspace_0               (abs)        30000E
__Hspace_1               (abs)        000180
__Hspace_2               (abs)        000000
__Hstack                 stack        000000
__Hstruct                struct       000000
__Htemp                  temp         000000
__Htext                  text         000000
__Htext0                 text0        000000
__Htext1                 text1        000000
__Htext10                text10       000000
__Htext2                 text2        000000
__Htext3                 text3        000000
__Htext4                 text4        000000
__Htext5                 text5        000000
__Htext6                 text6        000000
__Htext7                 text7        000000
__Htext8                 text8        000000
__Htext9                 text9        000000
__LRAM                   (abs)        000001
__Labs1                  abs1         000000
__Lbank0                 bank0        000000
__Lbank1                 bank1        000000
__Lbank2                 bank2        000000
__Lbank3                 bank3        000000
__Lbank4                 bank4        000000
__Lbank5                 bank5        000000
__Lbigbss                bigbss       000000
__Lbigdata               bigdata      000000
__Lbigram                bigram       000000
__Lbss                   bss          000000
__LbssBANK0              bssBANK0     000000
__LbssBANK1              bssBANK1     000000
__LbssCOMRAM             bssCOMRAM    000000
__Lcinit                 cinit        000000
__Lclrtext               clrtext      000000
__Lcomram                comram       000000
__Lconfig                config       300000
__Lconst                 const        000000
__LcstackBANK0           cstackBANK0  000000
__LcstackCOMRAM          cstackCOMRAM 000000
__Ldata                  data         000000
__Leeprom_data           eeprom_data  000000
__Lend_init              end_init     000000
__Lfarbss                farbss       000000
__Lfardata               fardata      000000
__Libigdata              ibigdata     000000
__Lidata                 idata        000000
__Lidloc                 idloc        200000
__Lifardata              ifardata     000000
__Linit                  init         000000
__Lintcode               intcode      000000
__Lintcode_body          intcode_body 000000
__Lintcodelo             intcodelo    000000
__Lintentry              intentry     000000
__Lintret                intret       000000
__Lintsave_regs          intsave_regs 000000
__Lirdata                irdata       000000
__Lmediumconst           mediumconst  0079FE
__LnvBANK0               nvBANK0      000000
__LnvFARRAM              nvFARRAM     000000
__Lnvbit                 nvbit        000000
__Lnvrram                nvrram       000000
__Lparam                 rparam       000000
__Lpowerup               powerup      000000
__Lram                   ram          000000
__Lramtop                ramtop       000600
__Lrbit                  rbit         000000
__Lrbss                  rbss         000000
__Lrdata                 rdata        000000
__Lreset_vec             reset_vec    000000
__Lrparam                rparam       000000
__Lsfr                   sfr          000000
__Lsmallconst            smallconst   000000
__Lspace_0               (abs)        000000
__Lspace_1               (abs)        000000
__Lspace_2               (abs)        000000
__Lstack                 stack        000000
__Lstruct                struct       000000
__Ltemp                  temp         000000
__Ltext                  text         000000
__Ltext0                 text0        000000
__Ltext1                 text1        000000
__Ltext10                text10       000000
__Ltext2                 text2        000000
__Ltext3                 text3        000000
__Ltext4                 text4        000000
__Ltext5                 text5        000000
__Ltext6                 text6        000000
__Ltext7                 text7        000000
__Ltext8                 text8        000000
__Ltext9                 text9        000000
__S0                     (abs)        30000E
__S1                     (abs)        000180
__S2                     (abs)        000000
___inthi_sp              stack        000000
___intlo_sp              stack        000000
___lmul                  text5        006CC4
___lmul@multiplicand     cstackCOMRAM 000005
___lmul@multiplier       cstackCOMRAM 000001
___lmul@product          cstackCOMRAM 000009
___sp                    stack        000000
___wmul                  text6        006BF2
___wmul@multiplicand     cstackCOMRAM 000003
___wmul@multiplier       cstackCOMRAM 000001
___wmul@product          cstackCOMRAM 000005
__accesstop              (abs)        000060
__activetblptr           (abs)        000002
__end_of_BusyADC         text10       006BD2
__end_of_ConvertADC      text9        006BC6
__end_of_Open1USART      text8        006D72
__end_of_OpenADC         text7        006CC4
__end_of_Sinewave        mediumconst  007FFF
__end_of_Write1USART     text3        006BF2
__end_of___lmul          text5        006D1A
__end_of___wmul          text6        006C18
__end_of__initialization cinit        006C38
__end_of_fix_fft         text4        0079FE
__end_of_main            text0        007272
__end_of_sendChar        text2        006BE0
__end_of_sendIntArray    text1        006C76
__initialization         cinit        006C18
__mediumconst            mediumconst  0079FE
__pbssBANK0              bssBANK0     000060
__pbssBANK1              bssBANK1     000100
__pbssCOMRAM             bssCOMRAM    00005A
__pcinit                 cinit        006C18
__pcstackBANK0           cstackBANK0  0000E5
__pcstackCOMRAM          cstackCOMRAM 000001
__pmediumconst           mediumconst  0079FE
__pnvBANK0               nvBANK0      0000F3
__ptext0                 text0        006D72
__ptext1                 text1        006C42
__ptext10                text10       006BC6
__ptext2                 text2        006BD2
__ptext3                 text3        006BE0
__ptext4                 text4        007272
__ptext5                 text5        006CC4
__ptext6                 text6        006BF2
__ptext7                 text7        006C76
__ptext8                 text8        006D1A
__ptext9                 text9        006BC2
__ramtop                 ramtop       000600
__size_of_BusyADC        (abs)        000000
__size_of_ConvertADC     (abs)        000000
__size_of_Open1USART     (abs)        000000
__size_of_OpenADC        (abs)        000000
__size_of_Write1USART    (abs)        000000
__size_of___lmul         (abs)        000000
__size_of___wmul         (abs)        000000
__size_of_fix_fft        (abs)        000000
__size_of_main           (abs)        000000
__size_of_sendChar       (abs)        000000
__size_of_sendIntArray   (abs)        000000
__smallconst             smallconst   000000
_baud_rate               nvBANK0      0000F3
_data                    bssBANK0     000060
_fix_fft                 text4        007272
_i                       bssCOMRAM    00005A
_imaginaryNumbers        bssBANK1     000100
_input                   bssCOMRAM    00005D
_main                    text0        006D72
_realNumbers             bssBANK0     000065
_sendChar                text2        006BD2
_sendIntArray            text1        006C42
end_of_initialization    cinit        006C38
fix_fft@b                cstackCOMRAM 000037
fix_fft@c                cstackCOMRAM 000049
fix_fft@fi               cstackCOMRAM 00000F
fix_fft@fr               cstackCOMRAM 00000D
fix_fft@i                cstackCOMRAM 000039
fix_fft@istep            cstackCOMRAM 000023
fix_fft@j                cstackCOMRAM 000045
fix_fft@k                cstackCOMRAM 00001B
fix_fft@l                cstackCOMRAM 000041
fix_fft@m                cstackCOMRAM 000011
fix_fft@mr               cstackCOMRAM 00003D
fix_fft@n                cstackCOMRAM 00002F
fix_fft@nn               cstackCOMRAM 00001F
fix_fft@qi               cstackCOMRAM 000029
fix_fft@qr               cstackCOMRAM 000027
fix_fft@ti               cstackCOMRAM 000035
fix_fft@tr               cstackCOMRAM 000033
fix_fft@wi               cstackCOMRAM 00002D
fix_fft@wr               cstackCOMRAM 00002B
intlevel0                text         000000
intlevel1                text         000000
intlevel2                text         000000
intlevel3                text         000000
main@adc_value           cstackBANK0  0000E5
main@i                   cstackBANK0  0000EB
main@k                   cstackBANK0  0000F1
main@place               cstackBANK0  0000ED
main@root                cstackBANK0  0000E7
sendChar@character       cstackCOMRAM 000002
sendIntArray@array       cstackCOMRAM 000003
sendIntArray@size        cstackCOMRAM 000005
stackhi                  (abs)        0005FF
stacklo                  (abs)        000180
start                    init         000000
start_initialization     cinit        006C18


FUNCTION INFORMATION:

 *************** function _main *****************
 Defined at:
		line 37 in file "main pic18.c"
 Parameters:    Size  Location     Type
		None
 Auto vars:     Size  Location     Type
  place           4    8[BANK0 ] long 
  root            4    2[BANK0 ] long 
  k               2   12[BANK0 ] int 
  i               2    6[BANK0 ] short 
  adc_value       2    0[BANK0 ] unsigned int 
 Return value:  Size  Location     Type
		None               void
 Registers used:
		wreg, fsr1l, fsr1h, fsr2l, fsr2h, status,2, status,0, tblptrl, tblptrh, tblptru, prodl, prodh, cstack
 Tracked objects:
		On entry : 
		On exit  : 
		Unchanged: 
 Data sizes:     COMRAM   BANK0   BANK1   BANK2   BANK3   BANK4   BANK5
      Params:         0       0       0       0       0       0       0
      Locals:         0      14       0       0       0       0       0
      Temps:         13       0       0       0       0       0       0
      Totals:        13      14       0       0       0       0       0
Total ram usage:       27 bytes
 Hardware stack levels required when called:    3
 This function calls:
		_BusyADC
		_ConvertADC
		_Open1USART
		_OpenADC
		___wmul
		_fix_fft
		_sendIntArray
 This function is called by:
		Startup code after reset
 This function uses a non-reentrant model


 *************** function _sendIntArray *****************
 Defined at:
		line 151 in file "main pic18.c"
 Parameters:    Size  Location     Type
  array           2    2[COMRAM] PTR short 
		 -> realNumbers(128), 
  size            2    4[COMRAM] unsigned int 
 Auto vars:     Size  Location     Type
		None
 Return value:  Size  Location     Type
		None               void
 Registers used:
		wreg, fsr2l, fsr2h, status,2, status,0, cstack
 Tracked objects:
		On entry : 
		On exit  : 
		Unchanged: 
 Data sizes:     COMRAM   BANK0   BANK1   BANK2   BANK3   BANK4   BANK5
      Params:         4       0       0       0       0       0       0
      Locals:         0       0       0       0       0       0       0
      Temps:          0       0       0       0       0       0       0
      Totals:         4       0       0       0       0       0       0
Total ram usage:        4 bytes
 Hardware stack levels used:    1
 Hardware stack levels required when called:    2
 This function calls:
		_sendChar
 This function is called by:
		_main
 This function uses a non-reentrant model


 *************** function _sendChar *****************
 Defined at:
		line 146 in file "main pic18.c"
 Parameters:    Size  Location     Type
  character       1    wreg     unsigned char 
 Auto vars:     Size  Location     Type
  character       1    1[COMRAM] unsigned char 
 Return value:  Size  Location     Type
		None               void
 Registers used:
		wreg, status,2, cstack
 Tracked objects:
		On entry : 
		On exit  : 
		Unchanged: 
 Data sizes:     COMRAM   BANK0   BANK1   BANK2   BANK3   BANK4   BANK5
      Params:         0       0       0       0       0       0       0
      Locals:         1       0       0       0       0       0       0
      Temps:          0       0       0       0       0       0       0
      Totals:         1       0       0       0       0       0       0
Total ram usage:        1 bytes
 Hardware stack levels used:    1
 Hardware stack levels required when called:    1
 This function calls:
		_Write1USART
 This function is called by:
		_sendIntArray
		_sendCharArray
 This function uses a non-reentrant model


 *************** function _Write1USART *****************
 Defined at:
		line 14 in file "/Applications/microchip/xc8/v1.33/sources/pic18/plib/USART/u1write.c"
 Parameters:    Size  Location     Type
  data            1    wreg     unsigned char 
 Auto vars:     Size  Location     Type
  data            1    0[COMRAM] unsigned char 
 Return value:  Size  Location     Type
		None               void
 Registers used:
		wreg
 Tracked objects:
		On entry : 
		On exit  : 
		Unchanged: 
 Data sizes:     COMRAM   BANK0   BANK1   BANK2   BANK3   BANK4   BANK5
      Params:         0       0       0       0       0       0       0
      Locals:         1       0       0       0       0       0       0
      Temps:          0       0       0       0       0       0       0
      Totals:         1       0       0       0       0       0       0
Total ram usage:        1 bytes
 Hardware stack levels used:    1
 This function calls:
		Nothing
 This function is called by:
		_sendChar
 This function uses a non-reentrant model


 *************** function _fix_fft *****************
 Defined at:
		line 155 in file "fft.c"
 Parameters:    Size  Location     Type
  fr              2   12[COMRAM] PTR short 
		 -> realNumbers(128), 
  fi              2   14[COMRAM] PTR short 
		 -> imaginaryNumbers(128), 
  m               2   16[COMRAM] short 
 Auto vars:     Size  Location     Type
  c               4   72[COMRAM] long 
  b               2   54[COMRAM] short 
  j               4   68[COMRAM] long 
  l               4   64[COMRAM] long 
  mr              4   60[COMRAM] long 
  i               4   56[COMRAM] long 
  n               4   46[COMRAM] long 
  istep           4   34[COMRAM] long 
  nn              4   30[COMRAM] long 
  k               4   26[COMRAM] long 
  ti              2   52[COMRAM] short 
  tr              2   50[COMRAM] short 
  wi              2   44[COMRAM] short 
  wr              2   42[COMRAM] short 
  qi              2   40[COMRAM] short 
  qr              2   38[COMRAM] short 
 Return value:  Size  Location     Type
		None               void
 Registers used:
		wreg, fsr1l, fsr1h, fsr2l, fsr2h, status,2, status,0, tblptrl, tblptrh, tblptru, cstack
 Tracked objects:
		On entry : 
		On exit  : 
		Unchanged: 
 Data sizes:     COMRAM   BANK0   BANK1   BANK2   BANK3   BANK4   BANK5
      Params:         6       0       0       0       0       0       0
      Locals:        50       0       0       0       0       0       0
      Temps:          8       0       0       0       0       0       0
      Totals:        64       0       0       0       0       0       0
Total ram usage:       64 bytes
 Hardware stack levels used:    1
 Hardware stack levels required when called:    1
 This function calls:
		___lmul
 This function is called by:
		_main
 This function uses a non-reentrant model


 *************** function ___lmul *****************
 Defined at:
		line 15 in file "/Applications/microchip/xc8/v1.33/sources/common/Umul32.c"
 Parameters:    Size  Location     Type
  multiplier      4    0[COMRAM] unsigned long 
  multiplicand    4    4[COMRAM] unsigned long 
 Auto vars:     Size  Location     Type
  product         4    8[COMRAM] unsigned long 
 Return value:  Size  Location     Type
                  4    0[COMRAM] unsigned long 
 Registers used:
		wreg, status,2, status,0
 Tracked objects:
		On entry : 
		On exit  : 
		Unchanged: 
 Data sizes:     COMRAM   BANK0   BANK1   BANK2   BANK3   BANK4   BANK5
      Params:         8       0       0       0       0       0       0
      Locals:         4       0       0       0       0       0       0
      Temps:          0       0       0       0       0       0       0
      Totals:        12       0       0       0       0       0       0
Total ram usage:       12 bytes
 Hardware stack levels used:    1
 This function calls:
		Nothing
 This function is called by:
		_fix_fft
 This function uses a non-reentrant model


 *************** function ___wmul *****************
 Defined at:
		line 15 in file "/Applications/microchip/xc8/v1.33/sources/common/Umul16.c"
 Parameters:    Size  Location     Type
  multiplier      2    0[COMRAM] unsigned int 
  multiplicand    2    2[COMRAM] unsigned int 
 Auto vars:     Size  Location     Type
  product         2    4[COMRAM] unsigned int 
 Return value:  Size  Location     Type
                  2    0[COMRAM] unsigned int 
 Registers used:
		wreg, status,2, status,0, prodl, prodh
 Tracked objects:
		On entry : 
		On exit  : 
		Unchanged: 
 Data sizes:     COMRAM   BANK0   BANK1   BANK2   BANK3   BANK4   BANK5
      Params:         4       0       0       0       0       0       0
      Locals:         2       0       0       0       0       0       0
      Temps:          0       0       0       0       0       0       0
      Totals:         6       0       0       0       0       0       0
Total ram usage:        6 bytes
 Hardware stack levels used:    1
 This function calls:
		Nothing
 This function is called by:
		_main
 This function uses a non-reentrant model


 *************** function _OpenADC *****************
 Defined at:
		line 305 in file "/Applications/microchip/xc8/v1.33/sources/pic18/plib/ADC/adcopen.c"
 Parameters:    Size  Location     Type
  config          1    wreg     unsigned char 
  config2         1    0[COMRAM] unsigned char 
  config3         1    1[COMRAM] unsigned char 
 Auto vars:     Size  Location     Type
  config          1    4[COMRAM] unsigned char 
 Return value:  Size  Location     Type
		None               void
 Registers used:
		wreg, status,2, status,0
 Tracked objects:
		On entry : 
		On exit  : 
		Unchanged: 
 Data sizes:     COMRAM   BANK0   BANK1   BANK2   BANK3   BANK4   BANK5
      Params:         2       0       0       0       0       0       0
      Locals:         1       0       0       0       0       0       0
      Temps:          2       0       0       0       0       0       0
      Totals:         5       0       0       0       0       0       0
Total ram usage:        5 bytes
 Hardware stack levels used:    1
 This function calls:
		Nothing
 This function is called by:
		_main
 This function uses a non-reentrant model


 *************** function _Open1USART *****************
 Defined at:
		line 124 in file "/Applications/microchip/xc8/v1.33/sources/pic18/plib/USART/u1open.c"
 Parameters:    Size  Location     Type
  config          1    wreg     unsigned char 
  spbrg           2    0[COMRAM] unsigned int 
 Auto vars:     Size  Location     Type
  config          1    5[COMRAM] unsigned char 
 Return value:  Size  Location     Type
		None               void
 Registers used:
		wreg, status,2
 Tracked objects:
		On entry : 
		On exit  : 
		Unchanged: 
 Data sizes:     COMRAM   BANK0   BANK1   BANK2   BANK3   BANK4   BANK5
      Params:         2       0       0       0       0       0       0
      Locals:         1       0       0       0       0       0       0
      Temps:          3       0       0       0       0       0       0
      Totals:         6       0       0       0       0       0       0
Total ram usage:        6 bytes
 Hardware stack levels used:    1
 This function calls:
		Nothing
 This function is called by:
		_main
 This function uses a non-reentrant model


 *************** function _ConvertADC *****************
 Defined at:
		line 22 in file "/Applications/microchip/xc8/v1.33/sources/pic18/plib/ADC/adcconv.c"
 Parameters:    Size  Location     Type
		None
 Auto vars:     Size  Location     Type
		None
 Return value:  Size  Location     Type
		None               void
 Registers used:
		None
 Tracked objects:
		On entry : 
		On exit  : 
		Unchanged: 
 Data sizes:     COMRAM   BANK0   BANK1   BANK2   BANK3   BANK4   BANK5
      Params:         0       0       0       0       0       0       0
      Locals:         0       0       0       0       0       0       0
      Temps:          0       0       0       0       0       0       0
      Totals:         0       0       0       0       0       0       0
Total ram usage:        0 bytes
 Hardware stack levels used:    1
 This function calls:
		Nothing
 This function is called by:
		_main
 This function uses a non-reentrant model


 *************** function _BusyADC *****************
 Defined at:
		line 26 in file "/Applications/microchip/xc8/v1.33/sources/pic18/plib/ADC/adcbusy.c"
 Parameters:    Size  Location     Type
		None
 Auto vars:     Size  Location     Type
		None
 Return value:  Size  Location     Type
                  1    wreg      unsigned char 
 Registers used:
		wreg
 Tracked objects:
		On entry : 
		On exit  : 
		Unchanged: 
 Data sizes:     COMRAM   BANK0   BANK1   BANK2   BANK3   BANK4   BANK5
      Params:         0       0       0       0       0       0       0
      Locals:         0       0       0       0       0       0       0
      Temps:          0       0       0       0       0       0       0
      Totals:         0       0       0       0       0       0       0
Total ram usage:        0 bytes
 Hardware stack levels used:    1
 This function calls:
		Nothing
 This function is called by:
		_main
 This function uses a non-reentrant model



MODULE INFORMATION

Module		Function		Class		Link	Load	Size
/Applications/microchip/xc8/v1.33/sources/pic18/plib/USART/u1open.c
		_Open1USART    		CODE           	6D1A	0000	88

/Applications/microchip/xc8/v1.33/sources/pic18/plib/USART/u1open.c estimated size: 88

/Applications/microchip/xc8/v1.33/sources/pic18/plib/ADC/adcbusy.c
		_BusyADC       		CODE           	6BC6	0000	12

/Applications/microchip/xc8/v1.33/sources/pic18/plib/ADC/adcbusy.c estimated size: 12

/Applications/microchip/xc8/v1.33/sources/common/Umul16.c
		___wmul        		CODE           	6BF2	0000	38

/Applications/microchip/xc8/v1.33/sources/common/Umul16.c estimated size: 38

main pic18.c
		_sendIntArray  		CODE           	6C42	0000	52
		_main          		CODE           	6D72	0000	1280
		_sendChar      		CODE           	6BD2	0000	14

main pic18.c estimated size: 1346

/Applications/microchip/xc8/v1.33/sources/common/Umul32.c
		___lmul        		CODE           	6CC4	0000	86

/Applications/microchip/xc8/v1.33/sources/common/Umul32.c estimated size: 86

/Applications/microchip/xc8/v1.33/sources/pic18/plib/ADC/adcconv.c
		_ConvertADC    		CODE           	6BC2	0000	4

/Applications/microchip/xc8/v1.33/sources/pic18/plib/ADC/adcconv.c estimated size: 4

shared
		__initializatio		CODE           	6C18	0000	32
		_Sinewave      		MEDIUMCONST    	79FF	0000	1536

shared estimated size: 1568

fft.c
		_fix_fft       		CODE           	7272	0000	1932

fft.c estimated size: 1932

/Applications/microchip/xc8/v1.33/sources/pic18/plib/USART/u1write.c
		_Write1USART   		CODE           	6BE0	0000	18

/Applications/microchip/xc8/v1.33/sources/pic18/plib/USART/u1write.c estimated size: 18

/Applications/microchip/xc8/v1.33/sources/pic18/plib/ADC/adcopen.c
		_OpenADC       		CODE           	6C76	0000	78

/Applications/microchip/xc8/v1.33/sources/pic18/plib/ADC/adcopen.c estimated size: 78

